Archive member included to satisfy reference by file (symbol)

C:/ST/STM32CubeIDE_1.7.0/STM32CubeIDE/plugins/com.st.stm32cube.ide.mcu.externaltools.gnu-tools-for-stm32.11.3.rel1.win32_1.1.100.202309141235/tools/bin/../lib/gcc/arm-none-eabi/11.3.1/../../../../arm-none-eabi/lib/thumb/v7-m/nofp\libc_nano.a(libc_a-exit.o)
                              C:/ST/STM32CubeIDE_1.7.0/STM32CubeIDE/plugins/com.st.stm32cube.ide.mcu.externaltools.gnu-tools-for-stm32.11.3.rel1.win32_1.1.100.202309141235/tools/bin/../lib/gcc/arm-none-eabi/11.3.1/../../../../arm-none-eabi/lib/thumb/v7-m/nofp/crt0.o (exit)
C:/ST/STM32CubeIDE_1.7.0/STM32CubeIDE/plugins/com.st.stm32cube.ide.mcu.externaltools.gnu-tools-for-stm32.11.3.rel1.win32_1.1.100.202309141235/tools/bin/../lib/gcc/arm-none-eabi/11.3.1/../../../../arm-none-eabi/lib/thumb/v7-m/nofp\libc_nano.a(libc_a-findfp.o)
                              C:/ST/STM32CubeIDE_1.7.0/STM32CubeIDE/plugins/com.st.stm32cube.ide.mcu.externaltools.gnu-tools-for-stm32.11.3.rel1.win32_1.1.100.202309141235/tools/bin/../lib/gcc/arm-none-eabi/11.3.1/../../../../arm-none-eabi/lib/thumb/v7-m/nofp\libc_nano.a(libc_a-exit.o) (__stdio_exit_handler)
C:/ST/STM32CubeIDE_1.7.0/STM32CubeIDE/plugins/com.st.stm32cube.ide.mcu.externaltools.gnu-tools-for-stm32.11.3.rel1.win32_1.1.100.202309141235/tools/bin/../lib/gcc/arm-none-eabi/11.3.1/../../../../arm-none-eabi/lib/thumb/v7-m/nofp\libc_nano.a(libc_a-fwalk.o)
                              C:/ST/STM32CubeIDE_1.7.0/STM32CubeIDE/plugins/com.st.stm32cube.ide.mcu.externaltools.gnu-tools-for-stm32.11.3.rel1.win32_1.1.100.202309141235/tools/bin/../lib/gcc/arm-none-eabi/11.3.1/../../../../arm-none-eabi/lib/thumb/v7-m/nofp\libc_nano.a(libc_a-findfp.o) (_fwalk_sglue)
C:/ST/STM32CubeIDE_1.7.0/STM32CubeIDE/plugins/com.st.stm32cube.ide.mcu.externaltools.gnu-tools-for-stm32.11.3.rel1.win32_1.1.100.202309141235/tools/bin/../lib/gcc/arm-none-eabi/11.3.1/../../../../arm-none-eabi/lib/thumb/v7-m/nofp\libc_nano.a(libc_a-sprintf.o)
                              ./Core/Src/uart.o (sprintf)
C:/ST/STM32CubeIDE_1.7.0/STM32CubeIDE/plugins/com.st.stm32cube.ide.mcu.externaltools.gnu-tools-for-stm32.11.3.rel1.win32_1.1.100.202309141235/tools/bin/../lib/gcc/arm-none-eabi/11.3.1/../../../../arm-none-eabi/lib/thumb/v7-m/nofp\libc_nano.a(libc_a-stdio.o)
                              C:/ST/STM32CubeIDE_1.7.0/STM32CubeIDE/plugins/com.st.stm32cube.ide.mcu.externaltools.gnu-tools-for-stm32.11.3.rel1.win32_1.1.100.202309141235/tools/bin/../lib/gcc/arm-none-eabi/11.3.1/../../../../arm-none-eabi/lib/thumb/v7-m/nofp\libc_nano.a(libc_a-findfp.o) (__sread)
C:/ST/STM32CubeIDE_1.7.0/STM32CubeIDE/plugins/com.st.stm32cube.ide.mcu.externaltools.gnu-tools-for-stm32.11.3.rel1.win32_1.1.100.202309141235/tools/bin/../lib/gcc/arm-none-eabi/11.3.1/../../../../arm-none-eabi/lib/thumb/v7-m/nofp\libc_nano.a(libc_a-memset.o)
                              C:/ST/STM32CubeIDE_1.7.0/STM32CubeIDE/plugins/com.st.stm32cube.ide.mcu.externaltools.gnu-tools-for-stm32.11.3.rel1.win32_1.1.100.202309141235/tools/bin/../lib/gcc/arm-none-eabi/11.3.1/../../../../arm-none-eabi/lib/thumb/v7-m/nofp/crt0.o (memset)
C:/ST/STM32CubeIDE_1.7.0/STM32CubeIDE/plugins/com.st.stm32cube.ide.mcu.externaltools.gnu-tools-for-stm32.11.3.rel1.win32_1.1.100.202309141235/tools/bin/../lib/gcc/arm-none-eabi/11.3.1/../../../../arm-none-eabi/lib/thumb/v7-m/nofp\libc_nano.a(libc_a-closer.o)
                              C:/ST/STM32CubeIDE_1.7.0/STM32CubeIDE/plugins/com.st.stm32cube.ide.mcu.externaltools.gnu-tools-for-stm32.11.3.rel1.win32_1.1.100.202309141235/tools/bin/../lib/gcc/arm-none-eabi/11.3.1/../../../../arm-none-eabi/lib/thumb/v7-m/nofp\libc_nano.a(libc_a-stdio.o) (_close_r)
C:/ST/STM32CubeIDE_1.7.0/STM32CubeIDE/plugins/com.st.stm32cube.ide.mcu.externaltools.gnu-tools-for-stm32.11.3.rel1.win32_1.1.100.202309141235/tools/bin/../lib/gcc/arm-none-eabi/11.3.1/../../../../arm-none-eabi/lib/thumb/v7-m/nofp\libc_nano.a(libc_a-reent.o)
                              C:/ST/STM32CubeIDE_1.7.0/STM32CubeIDE/plugins/com.st.stm32cube.ide.mcu.externaltools.gnu-tools-for-stm32.11.3.rel1.win32_1.1.100.202309141235/tools/bin/../lib/gcc/arm-none-eabi/11.3.1/../../../../arm-none-eabi/lib/thumb/v7-m/nofp\libc_nano.a(libc_a-closer.o) (errno)
C:/ST/STM32CubeIDE_1.7.0/STM32CubeIDE/plugins/com.st.stm32cube.ide.mcu.externaltools.gnu-tools-for-stm32.11.3.rel1.win32_1.1.100.202309141235/tools/bin/../lib/gcc/arm-none-eabi/11.3.1/../../../../arm-none-eabi/lib/thumb/v7-m/nofp\libc_nano.a(libc_a-impure.o)
                              C:/ST/STM32CubeIDE_1.7.0/STM32CubeIDE/plugins/com.st.stm32cube.ide.mcu.externaltools.gnu-tools-for-stm32.11.3.rel1.win32_1.1.100.202309141235/tools/bin/../lib/gcc/arm-none-eabi/11.3.1/../../../../arm-none-eabi/lib/thumb/v7-m/nofp\libc_nano.a(libc_a-sprintf.o) (_impure_ptr)
[...]
Memory Configuration

Name             Origin             Length             Attributes
RAM              0x0000000020000000 0x0000000000005000 xrw
FLASH            0x0000000008000000 0x0000000000020000 xr
*default*        0x0000000000000000 0xffffffffffffffff

Linker script and memory map

LOAD C:/ST/STM32CubeIDE_1.7.0/STM32CubeIDE/plugins/com.st.stm32cube.ide.mcu.externaltools.gnu-tools-for-stm32.11.3.rel1.win32_1.1.100.202309141235/tools/bin/../lib/gcc/arm-none-eabi/11.3.1/thumb/v7-m/nofp/crti.o
LOAD C:/ST/STM32CubeIDE_1.7.0/STM32CubeIDE/plugins/com.st.stm32cube.ide.mcu.externaltools.gnu-tools-for-stm32.11.3.rel1.win32_1.1.100.202309141235/tools/bin/../lib/gcc/arm-none-eabi/11.3.1/thumb/v7-m/nofp/crtbegin.o
LOAD C:/ST/STM32CubeIDE_1.7.0/STM32CubeIDE/plugins/com.st.stm32cube.ide.mcu.externaltools.gnu-tools-for-stm32.11.3.rel1.win32_1.1.100.202309141235/tools/bin/../lib/gcc/arm-none-eabi/11.3.1/../../../../arm-none-eabi/lib/thumb/v7-m/nofp/crt0.o
LOAD ./Core/Src/button_reading.o
LOAD ./Core/Src/buzzer.o
LOAD ./Core/Src/display_traffic_light.o
LOAD ./Core/Src/fsm_pedestrian.o
LOAD ./Core/Src/fsm_traffic_light.o
LOAD ./Core/Src/global.o
LOAD ./Core/Src/main.o
LOAD ./Core/Src/stm32f1xx_hal_msp.o
LOAD ./Core/Src/stm32f1xx_it.o
LOAD ./Core/Src/syscalls.o
LOAD ./Core/Src/sysmem.o
LOAD ./Core/Src/system_stm32f1xx.o
LOAD ./Core/Src/timer.o
LOAD ./Core/Src/uart.o
LOAD ./Core/Startup/startup_stm32f103rbtx.o
LOAD ./Drivers/STM32F1xx_HAL_Driver/Src/stm32f1xx_hal.o
LOAD ./Drivers/STM32F1xx_HAL_Driver/Src/stm32f1xx_hal_cortex.o
LOAD ./Drivers/STM32F1xx_HAL_Driver/Src/stm32f1xx_hal_dma.o
LOAD ./Drivers/STM32F1xx_HAL_Driver/Src/stm32f1xx_hal_exti.o
LOAD ./Drivers/STM32F1xx_HAL_Driver/Src/stm32f1xx_hal_flash.o
LOAD ./Drivers/STM32F1xx_HAL_Driver/Src/stm32f1xx_hal_flash_ex.o
LOAD ./Drivers/STM32F1xx_HAL_Driver/Src/stm32f1xx_hal_gpio.o
LOAD ./Drivers/STM32F1xx_HAL_Driver/Src/stm32f1xx_hal_gpio_ex.o
LOAD ./Drivers/STM32F1xx_HAL_Driver/Src/stm32f1xx_hal_pwr.o
LOAD ./Drivers/STM32F1xx_HAL_Driver/Src/stm32f1xx_hal_rcc.o
LOAD ./Drivers/STM32F1xx_HAL_Driver/Src/stm32f1xx_hal_rcc_ex.o
LOAD ./Drivers/STM32F1xx_HAL_Driver/Src/stm32f1xx_hal_tim.o
LOAD ./Drivers/STM32F1xx_HAL_Driver/Src/stm32f1xx_hal_tim_ex.o
LOAD ./Drivers/STM32F1xx_HAL_Driver/Src/stm32f1xx_hal_uart.o
START GROUP
LOAD C:/ST/STM32CubeIDE_1.7.0/STM32CubeIDE/plugins/com.st.stm32cube.ide.mcu.externaltools.gnu-tools-for-stm32.11.3.rel1.win32_1.1.100.202309141235/tools/bin/../lib/gcc/arm-none-eabi/11.3.1/../../../../arm-none-eabi/lib/thumb/v7-m/nofp\libc_nano.a
LOAD C:/ST/STM32CubeIDE_1.7.0/STM32CubeIDE/plugins/com.st.stm32cube.ide.mcu.externaltools.gnu-tools-for-stm32.11.3.rel1.win32_1.1.100.202309141235/tools/bin/../lib/gcc/arm-none-eabi/11.3.1/../../../../arm-none-eabi/lib/thumb/v7-m/nofp\libm.a
END GROUP
START GROUP
LOAD C:/ST/STM32CubeIDE_1.7.0/STM32CubeIDE/plugins/com.st.stm32cube.ide.mcu.externaltools.gnu-tools-for-stm32.11.3.rel1.win32_1.1.100.202309141235/tools/bin/../lib/gcc/arm-none-eabi/11.3.1/thumb/v7-m/nofp\libgcc.a
LOAD C:/ST/STM32CubeIDE_1.7.0/STM32CubeIDE/plugins/com.st.stm32cube.ide.mcu.externaltools.gnu-tools-for-stm32.11.3.rel1.win32_1.1.100.202309141235/tools/bin/../lib/gcc/arm-none-eabi/11.3.1/../../../../arm-none-eabi/lib/thumb/v7-m/nofp\libc_nano.a
END GROUP
START GROUP
LOAD C:/ST/STM32CubeIDE_1.7.0/STM32CubeIDE/plugins/com.st.stm32cube.ide.mcu.externaltools.gnu-tools-for-stm32.11.3.rel1.win32_1.1.100.202309141235/tools/bin/../lib/gcc/arm-none-eabi/11.3.1/thumb/v7-m/nofp\libgcc.a
LOAD C:/ST/STM32CubeIDE_1.7.0/STM32CubeIDE/plugins/com.st.stm32cube.ide.mcu.externaltools.gnu-tools-for-stm32.11.3.rel1.win32_1.1.100.202309141235/tools/bin/../lib/gcc/arm-none-eabi/11.3.1/../../../../arm-none-eabi/lib/thumb/v7-m/nofp\libc_nano.a
LOAD C:/ST/STM32CubeIDE_1.7.0/STM32CubeIDE/plugins/com.st.stm32cube.ide.mcu.externaltools.gnu-tools-for-stm32.11.3.rel1.win32_1.1.100.202309141235/tools/bin/../lib/gcc/arm-none-eabi/11.3.1/../../../../arm-none-eabi/lib/thumb/v7-m/nofp\libnosys.a
END GROUP
START GROUP
LOAD C:/ST/STM32CubeIDE_1.7.0/STM32CubeIDE/plugins/com.st.stm32cube.ide.mcu.externaltools.gnu-tools-for-stm32.11.3.rel1.win32_1.1.100.202309141235/tools/bin/../lib/gcc/arm-none-eabi/11.3.1/thumb/v7-m/nofp\libgcc.a
LOAD C:/ST/STM32CubeIDE_1.7.0/STM32CubeIDE/plugins/com.st.stm32cube.ide.mcu.externaltools.gnu-tools-for-stm32.11.3.rel1.win32_1.1.100.202309141235/tools/bin/../lib/gcc/arm-none-eabi/11.3.1/../../../../arm-none-eabi/lib/thumb/v7-m/nofp\libc_nano.a
LOAD C:/ST/STM32CubeIDE_1.7.0/STM32CubeIDE/plugins/com.st.stm32cube.ide.mcu.externaltools.gnu-tools-for-stm32.11.3.rel1.win32_1.1.100.202309141235/tools/bin/../lib/gcc/arm-none-eabi/11.3.1/../../../../arm-none-eabi/lib/thumb/v7-m/nofp\libnosys.a
END GROUP
LOAD C:/ST/STM32CubeIDE_1.7.0/STM32CubeIDE/plugins/com.st.stm32cube.ide.mcu.externaltools.gnu-tools-for-stm32.11.3.rel1.win32_1.1.100.202309141235/tools/bin/../lib/gcc/arm-none-eabi/11.3.1/thumb/v7-m/nofp/crtend.o
LOAD C:/ST/STM32CubeIDE_1.7.0/STM32CubeIDE/plugins/com.st.stm32cube.ide.mcu.externaltools.gnu-tools-for-stm32.11.3.rel1.win32_1.1.100.202309141235/tools/bin/../lib/gcc/arm-none-eabi/11.3.1/thumb/v7-m/nofp/crtn.o
                0x0000000020005000                _estack = (ORIGIN (RAM) + LENGTH (RAM))
                0x0000000000000200                _Min_Heap_Size = 0x200
                0x0000000000000400                _Min_Stack_Size = 0x400

.isr_vector     0x0000000008000000      0x10c
                0x0000000008000000                . = ALIGN (0x4)
 *(.isr_vector)
 .isr_vector    0x0000000008000000      0x10c ./Core/Startup/startup_stm32f103rbtx.o
                0x0000000008000000                g_pfnVectors
                0x000000000800010c                . = ALIGN (0x4)

.text           0x000000000800010c     0x4984
                0x000000000800010c                . = ALIGN (0x4)
 *(.text)
 .text          0x000000000800010c       0x40 C:/ST/STM32CubeIDE_1.7.0/STM32CubeIDE/plugins/com.st.stm32cube.ide.mcu.externaltools.gnu-tools-for-stm32.11.3.rel1.win32_1.1.100.202309141235/tools/bin/../lib/gcc/arm-none-eabi/11.3.1/thumb/v7-m/nofp/crtbegin.o
 *(.text*)
 .text.read_button
                0x000000000800014c      0x158 ./Core/Src/button_reading.o
                0x000000000800014c                read_button
 .text.fsm_Buzzer
                0x00000000080002a4       0x94 ./Core/Src/buzzer.o
                0x00000000080002a4                fsm_Buzzer
 .text.display_traffic_light
                0x0000000008000338      0x228 ./Core/Src/display_traffic_light.o
                0x0000000008000338                display_traffic_light
 .text.fsm_pedestrian_light
                0x0000000008000560      0x140 ./Core/Src/fsm_pedestrian.o
                0x0000000008000560                fsm_pedestrian_light
 .text.ResetButtonState
                0x00000000080006a0       0x34 ./Core/Src/fsm_traffic_light.o
                0x00000000080006a0                ResetButtonState
 .text.changeTime
                0x00000000080006d4       0x28 ./Core/Src/fsm_traffic_light.o
                0x00000000080006d4                changeTime
 .text.fsm_row_traffic_light
                0x00000000080006fc      0x578 ./Core/Src/fsm_traffic_light.o
                0x00000000080006fc                fsm_row_traffic_light
 .text.fsm_col_traffic_light
                0x0000000008000c74       0xe0 ./Core/Src/fsm_traffic_light.o
                0x0000000008000c74                fsm_col_traffic_light
 .text.main     0x0000000008000d54       0x54 ./Core/Src/main.o
                0x0000000008000d54                main
 .text.SystemClock_Config
                0x0000000008000da8       0x82 ./Core/Src/main.o
                0x0000000008000da8                SystemClock_Config
 *fill*         0x0000000008000e2a        0x2 
 .text.MX_TIM2_Init
                0x0000000008000e2c       0x98 ./Core/Src/main.o
 .text.MX_TIM3_Init
                0x0000000008000ec4       0xec ./Core/Src/main.o
 .text.MX_USART2_UART_Init
                0x0000000008000fb0       0x54 ./Core/Src/main.o
 .text.MX_GPIO_Init
                0x0000000008001004       0xdc ./Core/Src/main.o
 .text.HAL_TIM_PeriodElapsedCallback
                0x00000000080010e0       0x18 ./Core/Src/main.o
                0x00000000080010e0                HAL_TIM_PeriodElapsedCallback
 .text.Error_Handler
                0x00000000080010f8        0xa ./Core/Src/main.o
                0x00000000080010f8                Error_Handler
 *fill*         0x0000000008001102        0x2 
 .text.HAL_MspInit
                0x0000000008001104       0x64 ./Core/Src/stm32f1xx_hal_msp.o
                0x0000000008001104                HAL_MspInit
 .text.HAL_TIM_Base_MspInit
                0x0000000008001168       0x70 ./Core/Src/stm32f1xx_hal_msp.o
                0x0000000008001168                HAL_TIM_Base_MspInit
 .text.HAL_TIM_MspPostInit
                0x00000000080011d8       0x64 ./Core/Src/stm32f1xx_hal_msp.o
                0x00000000080011d8                HAL_TIM_MspPostInit
 .text.HAL_UART_MspInit
                0x000000000800123c       0xa4 ./Core/Src/stm32f1xx_hal_msp.o
                0x000000000800123c                HAL_UART_MspInit
 .text.NMI_Handler
                0x00000000080012e0        0x6 ./Core/Src/stm32f1xx_it.o
                0x00000000080012e0                NMI_Handler
 .text.HardFault_Handler
                0x00000000080012e6        0x6 ./Core/Src/stm32f1xx_it.o
                0x00000000080012e6                HardFault_Handler
 .text.MemManage_Handler
                0x00000000080012ec        0x6 ./Core/Src/stm32f1xx_it.o
                0x00000000080012ec                MemManage_Handler
 .text.BusFault_Handler
                0x00000000080012f2        0x6 ./Core/Src/stm32f1xx_it.o
                0x00000000080012f2                BusFault_Handler
 .text.UsageFault_Handler
                0x00000000080012f8        0x6 ./Core/Src/stm32f1xx_it.o
                0x00000000080012f8                UsageFault_Handler
 .text.SVC_Handler
                0x00000000080012fe        0xc ./Core/Src/stm32f1xx_it.o
                0x00000000080012fe                SVC_Handler
 .text.DebugMon_Handler
                0x000000000800130a        0xc ./Core/Src/stm32f1xx_it.o
                0x000000000800130a                DebugMon_Handler
 .text.PendSV_Handler
                0x0000000008001316        0xc ./Core/Src/stm32f1xx_it.o
                0x0000000008001316                PendSV_Handler
 .text.SysTick_Handler
                0x0000000008001322        0xc ./Core/Src/stm32f1xx_it.o
                0x0000000008001322                SysTick_Handler
 *fill*         0x000000000800132e        0x2 
 .text.TIM2_IRQHandler
                0x0000000008001330       0x14 ./Core/Src/stm32f1xx_it.o
                0x0000000008001330                TIM2_IRQHandler
 .text.USART2_IRQHandler
                0x0000000008001344       0x14 ./Core/Src/stm32f1xx_it.o
                0x0000000008001344                USART2_IRQHandler
 .text._sbrk    0x0000000008001358       0x6c ./Core/Src/sysmem.o
                0x0000000008001358                _sbrk
 .text.SystemInit
                0x00000000080013c4        0xc ./Core/Src/system_stm32f1xx.o
                0x00000000080013c4                SystemInit
 .text.setTimer1
                0x00000000080013d0       0x28 ./Core/Src/timer.o
                0x00000000080013d0                setTimer1
 .text.setTimer2
                0x00000000080013f8       0x28 ./Core/Src/timer.o
                0x00000000080013f8                setTimer2
 .text.setTimer3
                0x0000000008001420       0x28 ./Core/Src/timer.o
                0x0000000008001420                setTimer3
 .text.setTimer4
                0x0000000008001448       0x28 ./Core/Src/timer.o
                0x0000000008001448                setTimer4
 .text.timerRun
                0x0000000008001470       0xac ./Core/Src/timer.o
                0x0000000008001470                timerRun
 .text.uart_transmit
                0x000000000800151c       0xcc ./Core/Src/uart.o
                0x000000000800151c                uart_transmit
 .text.Reset_Handler
                0x00000000080015e8       0x48 ./Core/Startup/startup_stm32f103rbtx.o
                0x00000000080015e8                Reset_Handler
 .text.Default_Handler
                0x0000000008001630        0x2 ./Core/Startup/startup_stm32f103rbtx.o
                0x0000000008001630                RTC_Alarm_IRQHandler
                0x0000000008001630                EXTI2_IRQHandler
                0x0000000008001630                TIM1_CC_IRQHandler
                0x0000000008001630                PVD_IRQHandler
                0x0000000008001630                EXTI3_IRQHandler
                0x0000000008001630                EXTI0_IRQHandler
                0x0000000008001630                I2C2_EV_IRQHandler
                0x0000000008001630                ADC1_2_IRQHandler
                0x0000000008001630                SPI1_IRQHandler
                0x0000000008001630                TAMPER_IRQHandler
                0x0000000008001630                DMA1_Channel4_IRQHandler
                0x0000000008001630                USART3_IRQHandler
                0x0000000008001630                RTC_IRQHandler
                0x0000000008001630                DMA1_Channel7_IRQHandler
                0x0000000008001630                CAN1_RX1_IRQHandler
                0x0000000008001630                TIM4_IRQHandler
                0x0000000008001630                I2C1_EV_IRQHandler
                0x0000000008001630                DMA1_Channel6_IRQHandler
                0x0000000008001630                TIM3_IRQHandler
                0x0000000008001630                RCC_IRQHandler
                0x0000000008001630                TIM1_TRG_COM_IRQHandler
                0x0000000008001630                DMA1_Channel1_IRQHandler
                0x0000000008001630                Default_Handler
                0x0000000008001630                EXTI15_10_IRQHandler
                0x0000000008001630                EXTI9_5_IRQHandler
                0x0000000008001630                SPI2_IRQHandler
                0x0000000008001630                DMA1_Channel5_IRQHandler
                0x0000000008001630                EXTI4_IRQHandler
                0x0000000008001630                USB_LP_CAN1_RX0_IRQHandler
                0x0000000008001630                USB_HP_CAN1_TX_IRQHandler
                0x0000000008001630                DMA1_Channel3_IRQHandler
                0x0000000008001630                TIM1_UP_IRQHandler
                0x0000000008001630                WWDG_IRQHandler
                0x0000000008001630                TIM1_BRK_IRQHandler
                0x0000000008001630                EXTI1_IRQHandler
                0x0000000008001630                I2C2_ER_IRQHandler
                0x0000000008001630                DMA1_Channel2_IRQHandler
                0x0000000008001630                CAN1_SCE_IRQHandler
                0x0000000008001630                FLASH_IRQHandler
                0x0000000008001630                USART1_IRQHandler
                0x0000000008001630                I2C1_ER_IRQHandler
                0x0000000008001630                USBWakeUp_IRQHandler
 *fill*         0x0000000008001632        0x2 
 .text.HAL_Init
                0x0000000008001634       0x2c ./Drivers/STM32F1xx_HAL_Driver/Src/stm32f1xx_hal.o
                0x0000000008001634                HAL_Init
 .text.HAL_InitTick
                0x0000000008001660       0x60 ./Drivers/STM32F1xx_HAL_Driver/Src/stm32f1xx_hal.o
                0x0000000008001660                HAL_InitTick
 .text.HAL_IncTick
                0x00000000080016c0       0x24 ./Drivers/STM32F1xx_HAL_Driver/Src/stm32f1xx_hal.o
                0x00000000080016c0                HAL_IncTick
 .text.HAL_GetTick
                0x00000000080016e4       0x14 ./Drivers/STM32F1xx_HAL_Driver/Src/stm32f1xx_hal.o
                0x00000000080016e4                HAL_GetTick
 .text.__NVIC_SetPriorityGrouping
                0x00000000080016f8       0x48 ./Drivers/STM32F1xx_HAL_Driver/Src/stm32f1xx_hal_cortex.o
 .text.__NVIC_GetPriorityGrouping
                0x0000000008001740       0x1c ./Drivers/STM32F1xx_HAL_Driver/Src/stm32f1xx_hal_cortex.o
 .text.__NVIC_EnableIRQ
                0x000000000800175c       0x38 ./Drivers/STM32F1xx_HAL_Driver/Src/stm32f1xx_hal_cortex.o
 .text.__NVIC_SetPriority
                0x0000000008001794       0x54 ./Drivers/STM32F1xx_HAL_Driver/Src/stm32f1xx_hal_cortex.o
 .text.NVIC_EncodePriority
                0x00000000080017e8       0x64 ./Drivers/STM32F1xx_HAL_Driver/Src/stm32f1xx_hal_cortex.o
 .text.SysTick_Config
                0x000000000800184c       0x44 ./Drivers/STM32F1xx_HAL_Driver/Src/stm32f1xx_hal_cortex.o
 .text.HAL_NVIC_SetPriorityGrouping
                0x0000000008001890       0x16 ./Drivers/STM32F1xx_HAL_Driver/Src/stm32f1xx_hal_cortex.o
                0x0000000008001890                HAL_NVIC_SetPriorityGrouping
 .text.HAL_NVIC_SetPriority
                0x00000000080018a6       0x38 ./Drivers/STM32F1xx_HAL_Driver/Src/stm32f1xx_hal_cortex.o
                0x00000000080018a6                HAL_NVIC_SetPriority
 .text.HAL_NVIC_EnableIRQ
                0x00000000080018de       0x1c ./Drivers/STM32F1xx_HAL_Driver/Src/stm32f1xx_hal_cortex.o
                0x00000000080018de                HAL_NVIC_EnableIRQ
 .text.HAL_SYSTICK_Config
                0x00000000080018fa       0x18 ./Drivers/STM32F1xx_HAL_Driver/Src/stm32f1xx_hal_cortex.o
                0x00000000080018fa                HAL_SYSTICK_Config
 .text.HAL_DMA_Abort
                0x0000000008001912       0x76 ./Drivers/STM32F1xx_HAL_Driver/Src/stm32f1xx_hal_dma.o
                0x0000000008001912                HAL_DMA_Abort
 .text.HAL_DMA_Abort_IT
                0x0000000008001988       0xf0 ./Drivers/STM32F1xx_HAL_Driver/Src/stm32f1xx_hal_dma.o
                0x0000000008001988                HAL_DMA_Abort_IT
 .text.HAL_GPIO_Init
                0x0000000008001a78      0x308 ./Drivers/STM32F1xx_HAL_Driver/Src/stm32f1xx_hal_gpio.o
                0x0000000008001a78                HAL_GPIO_Init
 .text.HAL_GPIO_ReadPin
                0x0000000008001d80       0x2e ./Drivers/STM32F1xx_HAL_Driver/Src/stm32f1xx_hal_gpio.o
                0x0000000008001d80                HAL_GPIO_ReadPin
 .text.HAL_GPIO_WritePin
                0x0000000008001dae       0x30 ./Drivers/STM32F1xx_HAL_Driver/Src/stm32f1xx_hal_gpio.o
                0x0000000008001dae                HAL_GPIO_WritePin
 *fill*         0x0000000008001dde        0x2 
 .text.HAL_RCC_OscConfig
                0x0000000008001de0      0x504 ./Drivers/STM32F1xx_HAL_Driver/Src/stm32f1xx_hal_rcc.o
                0x0000000008001de0                HAL_RCC_OscConfig
 .text.HAL_RCC_ClockConfig
                0x00000000080022e4      0x1d4 ./Drivers/STM32F1xx_HAL_Driver/Src/stm32f1xx_hal_rcc.o
                0x00000000080022e4                HAL_RCC_ClockConfig
 .text.HAL_RCC_GetSysClockFreq
                0x00000000080024b8       0xa8 ./Drivers/STM32F1xx_HAL_Driver/Src/stm32f1xx_hal_rcc.o
                0x00000000080024b8                HAL_RCC_GetSysClockFreq
 .text.HAL_RCC_GetHCLKFreq
                0x0000000008002560       0x14 ./Drivers/STM32F1xx_HAL_Driver/Src/stm32f1xx_hal_rcc.o
                0x0000000008002560                HAL_RCC_GetHCLKFreq
 .text.HAL_RCC_GetPCLK1Freq
                0x0000000008002574       0x28 ./Drivers/STM32F1xx_HAL_Driver/Src/stm32f1xx_hal_rcc.o
                0x0000000008002574                HAL_RCC_GetPCLK1Freq
 .text.HAL_RCC_GetPCLK2Freq
                0x000000000800259c       0x28 ./Drivers/STM32F1xx_HAL_Driver/Src/stm32f1xx_hal_rcc.o
                0x000000000800259c                HAL_RCC_GetPCLK2Freq
 .text.RCC_Delay
                0x00000000080025c4       0x3c ./Drivers/STM32F1xx_HAL_Driver/Src/stm32f1xx_hal_rcc.o
 .text.HAL_TIM_Base_Init
                0x0000000008002600       0x9e ./Drivers/STM32F1xx_HAL_Driver/Src/stm32f1xx_hal_tim.o
                0x0000000008002600                HAL_TIM_Base_Init
 *fill*         0x000000000800269e        0x2 
 .text.HAL_TIM_Base_Start_IT
                0x00000000080026a0       0xa4 ./Drivers/STM32F1xx_HAL_Driver/Src/stm32f1xx_hal_tim.o
                0x00000000080026a0                HAL_TIM_Base_Start_IT
 .text.HAL_TIM_PWM_Init
                0x0000000008002744       0x9e ./Drivers/STM32F1xx_HAL_Driver/Src/stm32f1xx_hal_tim.o
                0x0000000008002744                HAL_TIM_PWM_Init
 .text.HAL_TIM_PWM_MspInit
                0x00000000080027e2       0x12 ./Drivers/STM32F1xx_HAL_Driver/Src/stm32f1xx_hal_tim.o
                0x00000000080027e2                HAL_TIM_PWM_MspInit
 .text.HAL_TIM_PWM_Start
                0x00000000080027f4      0x144 ./Drivers/STM32F1xx_HAL_Driver/Src/stm32f1xx_hal_tim.o
                0x00000000080027f4                HAL_TIM_PWM_Start
 .text.HAL_TIM_IRQHandler
                0x0000000008002938      0x210 ./Drivers/STM32F1xx_HAL_Driver/Src/stm32f1xx_hal_tim.o
                0x0000000008002938                HAL_TIM_IRQHandler
 .text.HAL_TIM_PWM_ConfigChannel
                0x0000000008002b48      0x184 ./Drivers/STM32F1xx_HAL_Driver/Src/stm32f1xx_hal_tim.o
                0x0000000008002b48                HAL_TIM_PWM_ConfigChannel
 .text.HAL_TIM_ConfigClockSource
                0x0000000008002ccc      0x18e ./Drivers/STM32F1xx_HAL_Driver/Src/stm32f1xx_hal_tim.o
                0x0000000008002ccc                HAL_TIM_ConfigClockSource
 .text.HAL_TIM_OC_DelayElapsedCallback
                0x0000000008002e5a       0x12 ./Drivers/STM32F1xx_HAL_Driver/Src/stm32f1xx_hal_tim.o
                0x0000000008002e5a                HAL_TIM_OC_DelayElapsedCallback
 .text.HAL_TIM_IC_CaptureCallback
                0x0000000008002e6c       0x12 ./Drivers/STM32F1xx_HAL_Driver/Src/stm32f1xx_hal_tim.o
                0x0000000008002e6c                HAL_TIM_IC_CaptureCallback
 .text.HAL_TIM_PWM_PulseFinishedCallback
                0x0000000008002e7e       0x12 ./Drivers/STM32F1xx_HAL_Driver/Src/stm32f1xx_hal_tim.o
                0x0000000008002e7e                HAL_TIM_PWM_PulseFinishedCallback
 .text.HAL_TIM_TriggerCallback
                0x0000000008002e90       0x12 ./Drivers/STM32F1xx_HAL_Driver/Src/stm32f1xx_hal_tim.o
                0x0000000008002e90                HAL_TIM_TriggerCallback
 *fill*         0x0000000008002ea2        0x2 
 .text.TIM_Base_SetConfig
                0x0000000008002ea4       0xc4 ./Drivers/STM32F1xx_HAL_Driver/Src/stm32f1xx_hal_tim.o
                0x0000000008002ea4                TIM_Base_SetConfig
 .text.TIM_OC1_SetConfig
                0x0000000008002f68       0xcc ./Drivers/STM32F1xx_HAL_Driver/Src/stm32f1xx_hal_tim.o
 .text.TIM_OC2_SetConfig
                0x0000000008003034       0xd4 ./Drivers/STM32F1xx_HAL_Driver/Src/stm32f1xx_hal_tim.o
                0x0000000008003034                TIM_OC2_SetConfig
 .text.TIM_OC3_SetConfig
                0x0000000008003108       0xd4 ./Drivers/STM32F1xx_HAL_Driver/Src/stm32f1xx_hal_tim.o
 .text.TIM_OC4_SetConfig
                0x00000000080031dc       0x9c ./Drivers/STM32F1xx_HAL_Driver/Src/stm32f1xx_hal_tim.o
 .text.TIM_TI1_ConfigInputStage
                0x0000000008003278       0x5c ./Drivers/STM32F1xx_HAL_Driver/Src/stm32f1xx_hal_tim.o
 .text.TIM_TI2_ConfigInputStage
                0x00000000080032d4       0x5e ./Drivers/STM32F1xx_HAL_Driver/Src/stm32f1xx_hal_tim.o
 .text.TIM_ITRx_SetConfig
                0x0000000008003332       0x34 ./Drivers/STM32F1xx_HAL_Driver/Src/stm32f1xx_hal_tim.o
 .text.TIM_ETR_SetConfig
                0x0000000008003366       0x3e ./Drivers/STM32F1xx_HAL_Driver/Src/stm32f1xx_hal_tim.o
                0x0000000008003366                TIM_ETR_SetConfig
 .text.TIM_CCxChannelCmd
                0x00000000080033a4       0x48 ./Drivers/STM32F1xx_HAL_Driver/Src/stm32f1xx_hal_tim.o
                0x00000000080033a4                TIM_CCxChannelCmd
 .text.HAL_TIMEx_MasterConfigSynchronization
                0x00000000080033ec       0xbc ./Drivers/STM32F1xx_HAL_Driver/Src/stm32f1xx_hal_tim_ex.o
                0x00000000080033ec                HAL_TIMEx_MasterConfigSynchronization
 .text.HAL_TIMEx_CommutCallback
                0x00000000080034a8       0x12 ./Drivers/STM32F1xx_HAL_Driver/Src/stm32f1xx_hal_tim_ex.o
                0x00000000080034a8                HAL_TIMEx_CommutCallback
 .text.HAL_TIMEx_BreakCallback
                0x00000000080034ba       0x12 ./Drivers/STM32F1xx_HAL_Driver/Src/stm32f1xx_hal_tim_ex.o
                0x00000000080034ba                HAL_TIMEx_BreakCallback
 .text.HAL_UART_Init
                0x00000000080034cc       0xa0 ./Drivers/STM32F1xx_HAL_Driver/Src/stm32f1xx_hal_uart.o
                0x00000000080034cc                HAL_UART_Init
 .text.HAL_UART_Transmit
                0x000000000800356c      0x106 ./Drivers/STM32F1xx_HAL_Driver/Src/stm32f1xx_hal_uart.o
                0x000000000800356c                HAL_UART_Transmit
 *fill*         0x0000000008003672        0x2 
 .text.HAL_UART_IRQHandler
                0x0000000008003674      0x524 ./Drivers/STM32F1xx_HAL_Driver/Src/stm32f1xx_hal_uart.o
                0x0000000008003674                HAL_UART_IRQHandler
 .text.HAL_UART_TxCpltCallback
                0x0000000008003b98       0x12 ./Drivers/STM32F1xx_HAL_Driver/Src/stm32f1xx_hal_uart.o
                0x0000000008003b98                HAL_UART_TxCpltCallback
 .text.HAL_UART_RxCpltCallback
                0x0000000008003baa       0x12 ./Drivers/STM32F1xx_HAL_Driver/Src/stm32f1xx_hal_uart.o
                0x0000000008003baa                HAL_UART_RxCpltCallback
 .text.HAL_UART_ErrorCallback
                0x0000000008003bbc       0x12 ./Drivers/STM32F1xx_HAL_Driver/Src/stm32f1xx_hal_uart.o
                0x0000000008003bbc                HAL_UART_ErrorCallback
 .text.HAL_UARTEx_RxEventCallback
                0x0000000008003bce       0x16 ./Drivers/STM32F1xx_HAL_Driver/Src/stm32f1xx_hal_uart.o
                0x0000000008003bce                HAL_UARTEx_RxEventCallback
 .text.UART_WaitOnFlagUntilTimeout
                0x0000000008003be4       0xdc ./Drivers/STM32F1xx_HAL_Driver/Src/stm32f1xx_hal_uart.o
 .text.UART_EndRxTransfer
                0x0000000008003cc0       0xc4 ./Drivers/STM32F1xx_HAL_Driver/Src/stm32f1xx_hal_uart.o
 .text.UART_DMAAbortOnError
                0x0000000008003d84       0x28 ./Drivers/STM32F1xx_HAL_Driver/Src/stm32f1xx_hal_uart.o
 .text.UART_Transmit_IT
                0x0000000008003dac       0x9e ./Drivers/STM32F1xx_HAL_Driver/Src/stm32f1xx_hal_uart.o
 .text.UART_EndTransmit_IT
                0x0000000008003e4a       0x30 ./Drivers/STM32F1xx_HAL_Driver/Src/stm32f1xx_hal_uart.o
 .text.UART_Receive_IT
                0x0000000008003e7a      0x17c ./Drivers/STM32F1xx_HAL_Driver/Src/stm32f1xx_hal_uart.o
 *fill*         0x0000000008003ff6        0x2 
 .text.UART_SetConfig
                0x0000000008003ff8      0x11c ./Drivers/STM32F1xx_HAL_Driver/Src/stm32f1xx_hal_uart.o
 .text.sprintf  0x0000000008004114       0x40 C:/ST/STM32CubeIDE_1.7.0/STM32CubeIDE/plugins/com.st.stm32cube.ide.mcu.externaltools.gnu-tools-for-stm32.11.3.rel1.win32_1.1.100.202309141235/tools/bin/../lib/gcc/arm-none-eabi/11.3.1/../../../../arm-none-eabi/lib/thumb/v7-m/nofp\libc_nano.a(libc_a-sprintf.o)
                0x0000000008004114                siprintf
                0x0000000008004114                sprintf
 .text.memset   0x0000000008004154       0x10 C:/ST/STM32CubeIDE_1.7.0/STM32CubeIDE/plugins/com.st.stm32cube.ide.mcu.externaltools.gnu-tools-for-stm32.11.3.rel1.win32_1.1.100.202309141235/tools/bin/../lib/gcc/arm-none-eabi/11.3.1/../../../../arm-none-eabi/lib/thumb/v7-m/nofp\libc_nano.a(libc_a-memset.o)
                0x0000000008004154                memset
 .text.__errno  0x0000000008004164        0xc C:/ST/STM32CubeIDE_1.7.0/STM32CubeIDE/plugins/com.st.stm32cube.ide.mcu.externaltools.gnu-tools-for-stm32.11.3.rel1.win32_1.1.100.202309141235/tools/bin/../lib/gcc/arm-none-eabi/11.3.1/../../../../arm-none-eabi/lib/thumb/v7-m/nofp\libc_nano.a(libc_a-errno.o)
                0x0000000008004164                __errno
 .text.__libc_init_array
                0x0000000008004170       0x48 C:/ST/STM32CubeIDE_1.7.0/STM32CubeIDE/plugins/com.st.stm32cube.ide.mcu.externaltools.gnu-tools-for-stm32.11.3.rel1.win32_1.1.100.202309141235/tools/bin/../lib/gcc/arm-none-eabi/11.3.1/../../../../arm-none-eabi/lib/thumb/v7-m/nofp\libc_nano.a(libc_a-init.o)
                0x0000000008004170                __libc_init_array
 .text.__retarget_lock_acquire_recursive
                0x00000000080041b8        0x2 C:/ST/STM32CubeIDE_1.7.0/STM32CubeIDE/plugins/com.st.stm32cube.ide.mcu.externaltools.gnu-tools-for-stm32.11.3.rel1.win32_1.1.100.202309141235/tools/bin/../lib/gcc/arm-none-eabi/11.3.1/../../../../arm-none-eabi/lib/thumb/v7-m/nofp\libc_nano.a(libc_a-lock.o)
                0x00000000080041b8                __retarget_lock_acquire_recursive
 .text.__retarget_lock_release_recursive
                0x00000000080041ba        0x2 C:/ST/STM32CubeIDE_1.7.0/STM32CubeIDE/plugins/com.st.stm32cube.ide.mcu.externaltools.gnu-tools-for-stm32.11.3.rel1.win32_1.1.100.202309141235/tools/bin/../lib/gcc/arm-none-eabi/11.3.1/../../../../arm-none-eabi/lib/thumb/v7-m/nofp\libc_nano.a(libc_a-lock.o)
                0x00000000080041ba                __retarget_lock_release_recursive
 .text._free_r  0x00000000080041bc       0x90 C:/ST/STM32CubeIDE_1.7.0/STM32CubeIDE/plugins/com.st.stm32cube.ide.mcu.externaltools.gnu-tools-for-stm32.11.3.rel1.win32_1.1.100.202309141235/tools/bin/../lib/gcc/arm-none-eabi/11.3.1/../../../../arm-none-eabi/lib/thumb/v7-m/nofp\libc_nano.a(libc_a-freer.o)
                0x00000000080041bc                _free_r
 .text.sbrk_aligned
                0x000000000800424c       0x40 C:/ST/STM32CubeIDE_1.7.0/STM32CubeIDE/plugins/com.st.stm32cube.ide.mcu.externaltools.gnu-tools-for-stm32.11.3.rel1.win32_1.1.100.202309141235/tools/bin/../lib/gcc/arm-none-eabi/11.3.1/../../../../arm-none-eabi/lib/thumb/v7-m/nofp\libc_nano.a(libc_a-mallocr.o)
 .text._malloc_r
                0x000000000800428c      0x100 C:/ST/STM32CubeIDE_1.7.0/STM32CubeIDE/plugins/com.st.stm32cube.ide.mcu.externaltools.gnu-tools-for-stm32.11.3.rel1.win32_1.1.100.202309141235/tools/bin/../lib/gcc/arm-none-eabi/11.3.1/../../../../arm-none-eabi/lib/thumb/v7-m/nofp\libc_nano.a(libc_a-mallocr.o)
                0x000000000800428c                _malloc_r
 .text.__malloc_lock
                0x000000000800438c        0xc C:/ST/STM32CubeIDE_1.7.0/STM32CubeIDE/plugins/com.st.stm32cube.ide.mcu.externaltools.gnu-tools-for-stm32.11.3.rel1.win32_1.1.100.202309141235/tools/bin/../lib/gcc/arm-none-eabi/11.3.1/../../../../arm-none-eabi/lib/thumb/v7-m/nofp\libc_nano.a(libc_a-mlock.o)
                0x000000000800438c                __malloc_lock
 .text.__malloc_unlock
                0x0000000008004398        0xc C:/ST/STM32CubeIDE_1.7.0/STM32CubeIDE/plugins/com.st.stm32cube.ide.mcu.externaltools.gnu-tools-for-stm32.11.3.rel1.win32_1.1.100.202309141235/tools/bin/../lib/gcc/arm-none-eabi/11.3.1/../../../../arm-none-eabi/lib/thumb/v7-m/nofp\libc_nano.a(libc_a-mlock.o)
                0x0000000008004398                __malloc_unlock
 .text.__ssputs_r
                0x00000000080043a4       0xb4 C:/ST/STM32CubeIDE_1.7.0/STM32CubeIDE/plugins/com.st.stm32cube.ide.mcu.externaltools.gnu-tools-for-stm32.11.3.rel1.win32_1.1.100.202309141235/tools/bin/../lib/gcc/arm-none-eabi/11.3.1/../../../../arm-none-eabi/lib/thumb/v7-m/nofp\libc_nano.a(libc_a-nano-svfprintf.o)
                0x00000000080043a4                __ssputs_r
 .text._svfprintf_r
                0x0000000008004458      0x1fc C:/ST/STM32CubeIDE_1.7.0/STM32CubeIDE/plugins/com.st.stm32cube.ide.mcu.externaltools.gnu-tools-for-stm32.11.3.rel1.win32_1.1.100.202309141235/tools/bin/../lib/gcc/arm-none-eabi/11.3.1/../../../../arm-none-eabi/lib/thumb/v7-m/nofp\libc_nano.a(libc_a-nano-svfprintf.o)
                0x0000000008004458                _svfiprintf_r
                0x0000000008004458                _svfprintf_r
 .text._printf_common
                0x0000000008004654       0xe4 C:/ST/STM32CubeIDE_1.7.0/STM32CubeIDE/plugins/com.st.stm32cube.ide.mcu.externaltools.gnu-tools-for-stm32.11.3.rel1.win32_1.1.100.202309141235/tools/bin/../lib/gcc/arm-none-eabi/11.3.1/../../../../arm-none-eabi/lib/thumb/v7-m/nofp\libc_nano.a(libc_a-nano-vfprintf_i.o)
                0x0000000008004654                _printf_common
 .text._printf_i
                0x0000000008004738      0x244 C:/ST/STM32CubeIDE_1.7.0/STM32CubeIDE/plugins/com.st.stm32cube.ide.mcu.externaltools.gnu-tools-for-stm32.11.3.rel1.win32_1.1.100.202309141235/tools/bin/../lib/gcc/arm-none-eabi/11.3.1/../../../../arm-none-eabi/lib/thumb/v7-m/nofp\libc_nano.a(libc_a-nano-vfprintf_i.o)
                0x0000000008004738                _printf_i
 .text.memmove  0x000000000800497c       0x34 C:/ST/STM32CubeIDE_1.7.0/STM32CubeIDE/plugins/com.st.stm32cube.ide.mcu.externaltools.gnu-tools-for-stm32.11.3.rel1.win32_1.1.100.202309141235/tools/bin/../lib/gcc/arm-none-eabi/11.3.1/../../../../arm-none-eabi/lib/thumb/v7-m/nofp\libc_nano.a(libc_a-memmove.o)
                0x000000000800497c                memmove
 .text._sbrk_r  0x00000000080049b0       0x20 C:/ST/STM32CubeIDE_1.7.0/STM32CubeIDE/plugins/com.st.stm32cube.ide.mcu.externaltools.gnu-tools-for-stm32.11.3.rel1.win32_1.1.100.202309141235/tools/bin/../lib/gcc/arm-none-eabi/11.3.1/../../../../arm-none-eabi/lib/thumb/v7-m/nofp\libc_nano.a(libc_a-sbrkr.o)
                0x00000000080049b0                _sbrk_r
 .text.memchr   0x00000000080049d0       0x1c C:/ST/STM32CubeIDE_1.7.0/STM32CubeIDE/plugins/com.st.stm32cube.ide.mcu.externaltools.gnu-tools-for-stm32.11.3.rel1.win32_1.1.100.202309141235/tools/bin/../lib/gcc/arm-none-eabi/11.3.1/../../../../arm-none-eabi/lib/thumb/v7-m/nofp\libc_nano.a(libc_a-memchr-stub.o)
                0x00000000080049d0                memchr
 .text.memcpy   0x00000000080049ec       0x1c C:/ST/STM32CubeIDE_1.7.0/STM32CubeIDE/plugins/com.st.stm32cube.ide.mcu.externaltools.gnu-tools-for-stm32.11.3.rel1.win32_1.1.100.202309141235/tools/bin/../lib/gcc/arm-none-eabi/11.3.1/../../../../arm-none-eabi/lib/thumb/v7-m/nofp\libc_nano.a(libc_a-memcpy-stub.o)
                0x00000000080049ec                memcpy
 .text._realloc_r
                0x0000000008004a08       0x5e C:/ST/STM32CubeIDE_1.7.0/STM32CubeIDE/plugins/com.st.stm32cube.ide.mcu.externaltools.gnu-tools-for-stm32.11.3.rel1.win32_1.1.100.202309141235/tools/bin/../lib/gcc/arm-none-eabi/11.3.1/../../../../arm-none-eabi/lib/thumb/v7-m/nofp\libc_nano.a(libc_a-reallocr.o)
                0x0000000008004a08                _realloc_r
 .text._malloc_usable_size_r
                0x0000000008004a66       0x10 C:/ST/STM32CubeIDE_1.7.0/STM32CubeIDE/plugins/com.st.stm32cube.ide.mcu.externaltools.gnu-tools-for-stm32.11.3.rel1.win32_1.1.100.202309141235/tools/bin/../lib/gcc/arm-none-eabi/11.3.1/../../../../arm-none-eabi/lib/thumb/v7-m/nofp\libc_nano.a(libc_a-msizer.o)
                0x0000000008004a66                _malloc_usable_size_r
 *(.glue_7)
 .glue_7        0x0000000008004a76        0x0 linker stubs
 *(.glue_7t)
 .glue_7t       0x0000000008004a76        0x0 linker stubs
 *(.eh_frame)
 *fill*         0x0000000008004a76        0x2 
 .eh_frame      0x0000000008004a78        0x0 C:/ST/STM32CubeIDE_1.7.0/STM32CubeIDE/plugins/com.st.stm32cube.ide.mcu.externaltools.gnu-tools-for-stm32.11.3.rel1.win32_1.1.100.202309141235/tools/bin/../lib/gcc/arm-none-eabi/11.3.1/thumb/v7-m/nofp/crtbegin.o
 *(.init)
 .init          0x0000000008004a78        0x4 C:/ST/STM32CubeIDE_1.7.0/STM32CubeIDE/plugins/com.st.stm32cube.ide.mcu.externaltools.gnu-tools-for-stm32.11.3.rel1.win32_1.1.100.202309141235/tools/bin/../lib/gcc/arm-none-eabi/11.3.1/thumb/v7-m/nofp/crti.o
                0x0000000008004a78                _init
 .init          0x0000000008004a7c        0x8 C:/ST/STM32CubeIDE_1.7.0/STM32CubeIDE/plugins/com.st.stm32cube.ide.mcu.externaltools.gnu-tools-for-stm32.11.3.rel1.win32_1.1.100.202309141235/tools/bin/../lib/gcc/arm-none-eabi/11.3.1/thumb/v7-m/nofp/crtn.o
 *(.fini)
 .fini          0x0000000008004a84        0x4 C:/ST/STM32CubeIDE_1.7.0/STM32CubeIDE/plugins/com.st.stm32cube.ide.mcu.externaltools.gnu-tools-for-stm32.11.3.rel1.win32_1.1.100.202309141235/tools/bin/../lib/gcc/arm-none-eabi/11.3.1/thumb/v7-m/nofp/crti.o
                0x0000000008004a84                _fini
 .fini          0x0000000008004a88        0x8 C:/ST/STM32CubeIDE_1.7.0/STM32CubeIDE/plugins/com.st.stm32cube.ide.mcu.externaltools.gnu-tools-for-stm32.11.3.rel1.win32_1.1.100.202309141235/tools/bin/../lib/gcc/arm-none-eabi/11.3.1/thumb/v7-m/nofp/crtn.o
                0x0000000008004a90                . = ALIGN (0x4)
                0x0000000008004a90                _etext = .

.vfp11_veneer   0x0000000008004a90        0x0
 .vfp11_veneer  0x0000000008004a90        0x0 linker stubs

.v4_bx          0x0000000008004a90        0x0
 .v4_bx         0x0000000008004a90        0x0 linker stubs

.iplt           0x0000000008004a90        0x0
 .iplt          0x0000000008004a90        0x0 C:/ST/STM32CubeIDE_1.7.0/STM32CubeIDE/plugins/com.st.stm32cube.ide.mcu.externaltools.gnu-tools-for-stm32.11.3.rel1.win32_1.1.100.202309141235/tools/bin/../lib/gcc/arm-none-eabi/11.3.1/thumb/v7-m/nofp/crtbegin.o

.rodata         0x0000000008004a90       0x78
                0x0000000008004a90                . = ALIGN (0x4)
 *(.rodata)
 .rodata        0x0000000008004a90       0x16 ./Core/Src/uart.o
 *(.rodata*)
 *fill*         0x0000000008004aa6        0x2 
 .rodata.AHBPrescTable
                0x0000000008004aa8       0x10 ./Core/Src/system_stm32f1xx.o
                0x0000000008004aa8                AHBPrescTable
 .rodata.APBPrescTable
                0x0000000008004ab8        0x8 ./Core/Src/system_stm32f1xx.o
                0x0000000008004ab8                APBPrescTable
 .rodata.aPLLMULFactorTable.1
                0x0000000008004ac0       0x10 ./Drivers/STM32F1xx_HAL_Driver/Src/stm32f1xx_hal_rcc.o
 .rodata.aPredivFactorTable.0
                0x0000000008004ad0        0x2 ./Drivers/STM32F1xx_HAL_Driver/Src/stm32f1xx_hal_rcc.o
 .rodata._svfprintf_r.str1.1
                0x0000000008004ad2       0x11 C:/ST/STM32CubeIDE_1.7.0/STM32CubeIDE/plugins/com.st.stm32cube.ide.mcu.externaltools.gnu-tools-for-stm32.11.3.rel1.win32_1.1.100.202309141235/tools/bin/../lib/gcc/arm-none-eabi/11.3.1/../../../../arm-none-eabi/lib/thumb/v7-m/nofp\libc_nano.a(libc_a-nano-svfprintf.o)
 .rodata._printf_i.str1.1
                0x0000000008004ae3       0x22 C:/ST/STM32CubeIDE_1.7.0/STM32CubeIDE/plugins/com.st.stm32cube.ide.mcu.externaltools.gnu-tools-for-stm32.11.3.rel1.win32_1.1.100.202309141235/tools/bin/../lib/gcc/arm-none-eabi/11.3.1/../../../../arm-none-eabi/lib/thumb/v7-m/nofp\libc_nano.a(libc_a-nano-vfprintf_i.o)
                0x0000000008004b08                . = ALIGN (0x4)
 *fill*         0x0000000008004b05        0x3 

.rel.dyn        0x0000000008004b08        0x0
 .rel.iplt      0x0000000008004b08        0x0 C:/ST/STM32CubeIDE_1.7.0/STM32CubeIDE/plugins/com.st.stm32cube.ide.mcu.externaltools.gnu-tools-for-stm32.11.3.rel1.win32_1.1.100.202309141235/tools/bin/../lib/gcc/arm-none-eabi/11.3.1/thumb/v7-m/nofp/crtbegin.o

.ARM.extab      0x0000000008004b08        0x0
                0x0000000008004b08                . = ALIGN (0x4)
 *(.ARM.extab* .gnu.linkonce.armextab.*)
                0x0000000008004b08                . = ALIGN (0x4)

.ARM            0x0000000008004b08        0x0
                0x0000000008004b08                . = ALIGN (0x4)
                0x0000000008004b08                __exidx_start = .
 *(.ARM.exidx*)
                0x0000000008004b08                __exidx_end = .
                0x0000000008004b08                . = ALIGN (0x4)

.preinit_array  0x0000000008004b08        0x0
                0x0000000008004b08                . = ALIGN (0x4)
                0x0000000008004b08                PROVIDE (__preinit_array_start = .)
 *(.preinit_array*)
                0x0000000008004b08                PROVIDE (__preinit_array_end = .)
                0x0000000008004b08                . = ALIGN (0x4)

.init_array     0x0000000008004b08        0x4
                0x0000000008004b08                . = ALIGN (0x4)
                0x0000000008004b08                PROVIDE (__init_array_start = .)
 *(SORT_BY_NAME(.init_array.*))
 *(.init_array*)
 .init_array    0x0000000008004b08        0x4 C:/ST/STM32CubeIDE_1.7.0/STM32CubeIDE/plugins/com.st.stm32cube.ide.mcu.externaltools.gnu-tools-for-stm32.11.3.rel1.win32_1.1.100.202309141235/tools/bin/../lib/gcc/arm-none-eabi/11.3.1/thumb/v7-m/nofp/crtbegin.o
                0x0000000008004b0c                PROVIDE (__init_array_end = .)
                0x0000000008004b0c                . = ALIGN (0x4)

.fini_array     0x0000000008004b0c        0x4
                0x0000000008004b0c                . = ALIGN (0x4)
                [!provide]                        PROVIDE (__fini_array_start = .)
 *(SORT_BY_NAME(.fini_array.*))
 *(.fini_array*)
 .fini_array    0x0000000008004b0c        0x4 C:/ST/STM32CubeIDE_1.7.0/STM32CubeIDE/plugins/com.st.stm32cube.ide.mcu.externaltools.gnu-tools-for-stm32.11.3.rel1.win32_1.1.100.202309141235/tools/bin/../lib/gcc/arm-none-eabi/11.3.1/thumb/v7-m/nofp/crtbegin.o
                [!provide]                        PROVIDE (__fini_array_end = .)
                0x0000000008004b10                . = ALIGN (0x4)
                0x0000000008004b10                _sidata = LOADADDR (.data)

.data           0x0000000020000000       0x60 load address 0x0000000008004b10
                0x0000000020000000                . = ALIGN (0x4)
                0x0000000020000000                _sdata = .
 *(.data)
 *(.data*)
 .data.keyPressTime
                0x0000000020000000        0x4 ./Core/Src/button_reading.o
                0x0000000020000000                keyPressTime
 .data.SystemCoreClock
                0x0000000020000004        0x4 ./Core/Src/system_stm32f1xx.o
                0x0000000020000004                SystemCoreClock
 .data.uwTickPrio
                0x0000000020000008        0x4 ./Drivers/STM32F1xx_HAL_Driver/Src/stm32f1xx_hal.o
                0x0000000020000008                uwTickPrio
 .data.uwTickFreq
                0x000000002000000c        0x1 ./Drivers/STM32F1xx_HAL_Driver/Src/stm32f1xx_hal.o
                0x000000002000000c                uwTickFreq
 *fill*         0x000000002000000d        0x3 
 .data._impure_data
                0x0000000020000010       0x4c C:/ST/STM32CubeIDE_1.7.0/STM32CubeIDE/plugins/com.st.stm32cube.ide.mcu.externaltools.gnu-tools-for-stm32.11.3.rel1.win32_1.1.100.202309141235/tools/bin/../lib/gcc/arm-none-eabi/11.3.1/../../../../arm-none-eabi/lib/thumb/v7-m/nofp\libc_nano.a(libc_a-impure.o)
                0x0000000020000010                _impure_data
 .data._impure_ptr
                0x000000002000005c        0x4 C:/ST/STM32CubeIDE_1.7.0/STM32CubeIDE/plugins/com.st.stm32cube.ide.mcu.externaltools.gnu-tools-for-stm32.11.3.rel1.win32_1.1.100.202309141235/tools/bin/../lib/gcc/arm-none-eabi/11.3.1/../../../../arm-none-eabi/lib/thumb/v7-m/nofp\libc_nano.a(libc_a-impure.o)
                0x000000002000005c                _impure_ptr
 *(.RamFunc)
 *(.RamFunc*)
                0x0000000020000060                . = ALIGN (0x4)
                0x0000000020000060                _edata = .

.igot.plt       0x0000000020000060        0x0 load address 0x0000000008004b70
 .igot.plt      0x0000000020000060        0x0 C:/ST/STM32CubeIDE_1.7.0/STM32CubeIDE/plugins/com.st.stm32cube.ide.mcu.externaltools.gnu-tools-for-stm32.11.3.rel1.win32_1.1.100.202309141235/tools/bin/../lib/gcc/arm-none-eabi/11.3.1/thumb/v7-m/nofp/crtbegin.o
                0x0000000020000060                . = ALIGN (0x4)

.bss            0x0000000020000060      0x2d0 load address 0x0000000008004b70
                0x0000000020000060                _sbss = .
                0x0000000020000060                __bss_start__ = _sbss
 *(.bss)
 .bss           0x0000000020000060       0x1c C:/ST/STM32CubeIDE_1.7.0/STM32CubeIDE/plugins/com.st.stm32cube.ide.mcu.externaltools.gnu-tools-for-stm32.11.3.rel1.win32_1.1.100.202309141235/tools/bin/../lib/gcc/arm-none-eabi/11.3.1/thumb/v7-m/nofp/crtbegin.o
 *(.bss*)
 .bss.htim2     0x000000002000007c       0x48 ./Core/Src/button_reading.o
                0x000000002000007c                htim2
 .bss.htim3     0x00000000200000c4       0x48 ./Core/Src/button_reading.o
                0x00000000200000c4                htim3
 .bss.huart2    0x000000002000010c       0x48 ./Core/Src/button_reading.o
                0x000000002000010c                huart2
 .bss.str       0x0000000020000154       0x1e ./Core/Src/button_reading.o
                0x0000000020000154                str
 *fill*         0x0000000020000172        0x2 
 .bss.timer1_count
                0x0000000020000174        0x4 ./Core/Src/button_reading.o
                0x0000000020000174                timer1_count
 .bss.timer1Flag
                0x0000000020000178        0x4 ./Core/Src/button_reading.o
                0x0000000020000178                timer1Flag
 .bss.timer2_count
                0x000000002000017c        0x4 ./Core/Src/button_reading.o
                0x000000002000017c                timer2_count
 .bss.timer2Flag
                0x0000000020000180        0x4 ./Core/Src/button_reading.o
                0x0000000020000180                timer2Flag
 .bss.timer3_count
                0x0000000020000184        0x4 ./Core/Src/button_reading.o
                0x0000000020000184                timer3_count
 .bss.timer3Flag
                0x0000000020000188        0x4 ./Core/Src/button_reading.o
                0x0000000020000188                timer3Flag
 .bss.timer4_count
                0x000000002000018c        0x4 ./Core/Src/button_reading.o
                0x000000002000018c                timer4_count
 .bss.timer4Flag
                0x0000000020000190        0x4 ./Core/Src/button_reading.o
                0x0000000020000190                timer4Flag
 .bss.INPUT_BUTTON
                0x0000000020000194        0x8 ./Core/Src/button_reading.o
                0x0000000020000194                INPUT_BUTTON
 .bss.pressedButton_flag
                0x000000002000019c        0x4 ./Core/Src/button_reading.o
                0x000000002000019c                pressedButton_flag
 .bss.red_time  0x00000000200001a0        0x4 ./Core/Src/button_reading.o
                0x00000000200001a0                red_time
 .bss.green_time
                0x00000000200001a4        0x4 ./Core/Src/button_reading.o
                0x00000000200001a4                green_time
 .bss.yellow_time
                0x00000000200001a8        0x4 ./Core/Src/button_reading.o
                0x00000000200001a8                yellow_time
 .bss.remain_row_light_time
                0x00000000200001ac        0x4 ./Core/Src/button_reading.o
                0x00000000200001ac                remain_row_light_time
 .bss.remain_col_light_time
                0x00000000200001b0        0x4 ./Core/Src/button_reading.o
                0x00000000200001b0                remain_col_light_time
 .bss.TIMER3_PEDESTRIAN_CYCLE
                0x00000000200001b4        0x4 ./Core/Src/button_reading.o
                0x00000000200001b4                TIMER3_PEDESTRIAN_CYCLE
 .bss.row_traffic_light_state
                0x00000000200001b8        0x4 ./Core/Src/button_reading.o
                0x00000000200001b8                row_traffic_light_state
 .bss.cow_traffic_light_state
                0x00000000200001bc        0x4 ./Core/Src/button_reading.o
                0x00000000200001bc                cow_traffic_light_state
 .bss.pedestrian_light_state
                0x00000000200001c0        0x4 ./Core/Src/button_reading.o
                0x00000000200001c0                pedestrian_light_state
 .bss.buzzer_state
                0x00000000200001c4        0x4 ./Core/Src/button_reading.o
                0x00000000200001c4                buzzer_state
 .bss.Set_TL_Time
                0x00000000200001c8        0x4 ./Core/Src/button_reading.o
                0x00000000200001c8                Set_TL_Time
 .bss.Reg3      0x00000000200001cc        0x4 ./Core/Src/button_reading.o
 .bss.Reg0      0x00000000200001d0        0x4 ./Core/Src/button_reading.o
 .bss.Reg1      0x00000000200001d4        0x4 ./Core/Src/button_reading.o
 .bss.Reg2      0x00000000200001d8        0x4 ./Core/Src/button_reading.o
 .bss.To_Default_State
                0x00000000200001dc        0x4 ./Core/Src/fsm_traffic_light.o
                0x00000000200001dc                To_Default_State
 .bss.__sbrk_heap_end
                0x00000000200001e0        0x4 ./Core/Src/sysmem.o
 .bss.uwTick    0x00000000200001e4        0x4 ./Drivers/STM32F1xx_HAL_Driver/Src/stm32f1xx_hal.o
                0x00000000200001e4                uwTick
 .bss.__sf      0x00000000200001e8      0x138 C:/ST/STM32CubeIDE_1.7.0/STM32CubeIDE/plugins/com.st.stm32cube.ide.mcu.externaltools.gnu-tools-for-stm32.11.3.rel1.win32_1.1.100.202309141235/tools/bin/../lib/gcc/arm-none-eabi/11.3.1/../../../../arm-none-eabi/lib/thumb/v7-m/nofp\libc_nano.a(libc_a-findfp.o)
                0x00000000200001e8                __sf
 .bss.errno     0x0000000020000320        0x4 C:/ST/STM32CubeIDE_1.7.0/STM32CubeIDE/plugins/com.st.stm32cube.ide.mcu.externaltools.gnu-tools-for-stm32.11.3.rel1.win32_1.1.100.202309141235/tools/bin/../lib/gcc/arm-none-eabi/11.3.1/../../../../arm-none-eabi/lib/thumb/v7-m/nofp\libc_nano.a(libc_a-reent.o)
                0x0000000020000320                errno
 .bss.__lock___malloc_recursive_mutex
                0x0000000020000324        0x1 C:/ST/STM32CubeIDE_1.7.0/STM32CubeIDE/plugins/com.st.stm32cube.ide.mcu.externaltools.gnu-tools-for-stm32.11.3.rel1.win32_1.1.100.202309141235/tools/bin/../lib/gcc/arm-none-eabi/11.3.1/../../../../arm-none-eabi/lib/thumb/v7-m/nofp\libc_nano.a(libc_a-lock.o)
                0x0000000020000324                __lock___malloc_recursive_mutex
 *fill*         0x0000000020000325        0x3 
 .bss.__malloc_free_list
                0x0000000020000328        0x4 C:/ST/STM32CubeIDE_1.7.0/STM32CubeIDE/plugins/com.st.stm32cube.ide.mcu.externaltools.gnu-tools-for-stm32.11.3.rel1.win32_1.1.100.202309141235/tools/bin/../lib/gcc/arm-none-eabi/11.3.1/../../../../arm-none-eabi/lib/thumb/v7-m/nofp\libc_nano.a(libc_a-mallocr.o)
                0x0000000020000328                __malloc_free_list
 .bss.__malloc_sbrk_start
                0x000000002000032c        0x4 C:/ST/STM32CubeIDE_1.7.0/STM32CubeIDE/plugins/com.st.stm32cube.ide.mcu.externaltools.gnu-tools-for-stm32.11.3.rel1.win32_1.1.100.202309141235/tools/bin/../lib/gcc/arm-none-eabi/11.3.1/../../../../arm-none-eabi/lib/thumb/v7-m/nofp\libc_nano.a(libc_a-mallocr.o)
                0x000000002000032c                __malloc_sbrk_start
 *(COMMON)
                0x0000000020000330                . = ALIGN (0x4)
                0x0000000020000330                _ebss = .
                0x0000000020000330                __bss_end__ = _ebss

._user_heap_stack
                0x0000000020000330      0x600 load address 0x0000000008004b70
                0x0000000020000330                . = ALIGN (0x8)
                [!provide]                        PROVIDE (end = .)
                0x0000000020000330                PROVIDE (_end = .)
                0x0000000020000530                . = (. + _Min_Heap_Size)
 *fill*         0x0000000020000330      0x200 
                0x0000000020000930                . = (. + _Min_Stack_Size)
 *fill*         0x0000000020000530      0x400 
                0x0000000020000930                . = ALIGN (0x8)

/DISCARD/
 libc.a(*)
 libm.a(*)
 libgcc.a(*)

.ARM.attributes
                0x0000000000000000       0x29
 *(.ARM.attributes)
 .ARM.attributes
                0x0000000000000000       0x1d C:/ST/STM32CubeIDE_1.7.0/STM32CubeIDE/plugins/com.st.stm32cube.ide.mcu.externaltools.gnu-tools-for-stm32.11.3.rel1.win32_1.1.100.202309141235/tools/bin/../lib/gcc/arm-none-eabi/11.3.1/thumb/v7-m/nofp/crti.o
 .ARM.attributes
                0x000000000000001d       0x2d C:/ST/STM32CubeIDE_1.7.0/STM32CubeIDE/plugins/com.st.stm32cube.ide.mcu.externaltools.gnu-tools-for-stm32.11.3.rel1.win32_1.1.100.202309141235/tools/bin/../lib/gcc/arm-none-eabi/11.3.1/thumb/v7-m/nofp/crtbegin.o
 .ARM.attributes
                0x000000000000004a       0x2d ./Core/Src/button_reading.o
 .ARM.attributes
                0x0000000000000077       0x2d ./Core/Src/buzzer.o
 .ARM.attributes
                0x00000000000000a4       0x2d ./Core/Src/display_traffic_light.o
 .ARM.attributes
                0x00000000000000d1       0x2d ./Core/Src/fsm_pedestrian.o
 .ARM.attributes
                0x00000000000000fe       0x2d ./Core/Src/fsm_traffic_light.o
 .ARM.attributes
                0x000000000000012b       0x2d ./Core/Src/main.o
 .ARM.attributes
                0x0000000000000158       0x2d ./Core/Src/stm32f1xx_hal_msp.o
 .ARM.attributes
                0x0000000000000185       0x2d ./Core/Src/stm32f1xx_it.o
 .ARM.attributes
                0x00000000000001b2       0x2d ./Core/Src/sysmem.o
 .ARM.attributes
                0x00000000000001df       0x2d ./Core/Src/system_stm32f1xx.o
 .ARM.attributes
                0x000000000000020c       0x2d ./Core/Src/timer.o
 .ARM.attributes
                0x0000000000000239       0x2d ./Core/Src/uart.o
 .ARM.attributes
                0x0000000000000266       0x21 ./Core/Startup/startup_stm32f103rbtx.o
 .ARM.attributes
                0x0000000000000287       0x2d ./Drivers/STM32F1xx_HAL_Driver/Src/stm32f1xx_hal.o
 .ARM.attributes
                0x00000000000002b4       0x2d ./Drivers/STM32F1xx_HAL_Driver/Src/stm32f1xx_hal_cortex.o
 .ARM.attributes
                0x00000000000002e1       0x2d ./Drivers/STM32F1xx_HAL_Driver/Src/stm32f1xx_hal_dma.o
 .ARM.attributes
                0x000000000000030e       0x2d ./Drivers/STM32F1xx_HAL_Driver/Src/stm32f1xx_hal_gpio.o
 .ARM.attributes
                0x000000000000033b       0x2d ./Drivers/STM32F1xx_HAL_Driver/Src/stm32f1xx_hal_rcc.o
 .ARM.attributes
                0x0000000000000368       0x2d ./Drivers/STM32F1xx_HAL_Driver/Src/stm32f1xx_hal_tim.o
 .ARM.attributes
                0x0000000000000395       0x2d ./Drivers/STM32F1xx_HAL_Driver/Src/stm32f1xx_hal_tim_ex.o
 .ARM.attributes
                0x00000000000003c2       0x2d ./Drivers/STM32F1xx_HAL_Driver/Src/stm32f1xx_hal_uart.o
 .ARM.attributes
                0x00000000000003ef       0x2d C:/ST/STM32CubeIDE_1.7.0/STM32CubeIDE/plugins/com.st.stm32cube.ide.mcu.externaltools.gnu-tools-for-stm32.11.3.rel1.win32_1.1.100.202309141235/tools/bin/../lib/gcc/arm-none-eabi/11.3.1/../../../../arm-none-eabi/lib/thumb/v7-m/nofp\libc_nano.a(libc_a-findfp.o)
 .ARM.attributes
                0x000000000000041c       0x2d C:/ST/STM32CubeIDE_1.7.0/STM32CubeIDE/plugins/com.st.stm32cube.ide.mcu.externaltools.gnu-tools-for-stm32.11.3.rel1.win32_1.1.100.202309141235/tools/bin/../lib/gcc/arm-none-eabi/11.3.1/../../../../arm-none-eabi/lib/thumb/v7-m/nofp\libc_nano.a(libc_a-sprintf.o)
 .ARM.attributes
                0x0000000000000449       0x2d C:/ST/STM32CubeIDE_1.7.0/STM32CubeIDE/plugins/com.st.stm32cube.ide.mcu.externaltools.gnu-tools-for-stm32.11.3.rel1.win32_1.1.100.202309141235/tools/bin/../lib/gcc/arm-none-eabi/11.3.1/../../../../arm-none-eabi/lib/thumb/v7-m/nofp\libc_nano.a(libc_a-memset.o)
 .ARM.attributes
                0x0000000000000476       0x2d C:/ST/STM32CubeIDE_1.7.0/STM32CubeIDE/plugins/com.st.stm32cube.ide.mcu.externaltools.gnu-tools-for-stm32.11.3.rel1.win32_1.1.100.202309141235/tools/bin/../lib/gcc/arm-none-eabi/11.3.1/../../../../arm-none-eabi/lib/thumb/v7-m/nofp\libc_nano.a(libc_a-reent.o)
 .ARM.attributes
                0x00000000000004a3       0x2d C:/ST/STM32CubeIDE_1.7.0/STM32CubeIDE/plugins/com.st.stm32cube.ide.mcu.externaltools.gnu-tools-for-stm32.11.3.rel1.win32_1.1.100.202309141235/tools/bin/../lib/gcc/arm-none-eabi/11.3.1/../../../../arm-none-eabi/lib/thumb/v7-m/nofp\libc_nano.a(libc_a-impure.o)
 .ARM.attributes
                0x00000000000004d0       0x2d C:/ST/STM32CubeIDE_1.7.0/STM32CubeIDE/plugins/com.st.stm32cube.ide.mcu.externaltools.gnu-tools-for-stm32.11.3.rel1.win32_1.1.100.202309141235/tools/bin/../lib/gcc/arm-none-eabi/11.3.1/../../../../arm-none-eabi/lib/thumb/v7-m/nofp\libc_nano.a(libc_a-errno.o)
 .ARM.attributes
                0x00000000000004fd       0x2d C:/ST/STM32CubeIDE_1.7.0/STM32CubeIDE/plugins/com.st.stm32cube.ide.mcu.externaltools.gnu-tools-for-stm32.11.3.rel1.win32_1.1.100.202309141235/tools/bin/../lib/gcc/arm-none-eabi/11.3.1/../../../../arm-none-eabi/lib/thumb/v7-m/nofp\libc_nano.a(libc_a-init.o)
 .ARM.attributes
                0x000000000000052a       0x2d C:/ST/STM32CubeIDE_1.7.0/STM32CubeIDE/plugins/com.st.stm32cube.ide.mcu.externaltools.gnu-tools-for-stm32.11.3.rel1.win32_1.1.100.202309141235/tools/bin/../lib/gcc/arm-none-eabi/11.3.1/../../../../arm-none-eabi/lib/thumb/v7-m/nofp\libc_nano.a(libc_a-lock.o)
 .ARM.attributes
                0x0000000000000557       0x2d C:/ST/STM32CubeIDE_1.7.0/STM32CubeIDE/plugins/com.st.stm32cube.ide.mcu.externaltools.gnu-tools-for-stm32.11.3.rel1.win32_1.1.100.202309141235/tools/bin/../lib/gcc/arm-none-eabi/11.3.1/../../../../arm-none-eabi/lib/thumb/v7-m/nofp\libc_nano.a(libc_a-freer.o)
 .ARM.attributes
                0x0000000000000584       0x2d C:/ST/STM32CubeIDE_1.7.0/STM32CubeIDE/plugins/com.st.stm32cube.ide.mcu.externaltools.gnu-tools-for-stm32.11.3.rel1.win32_1.1.100.202309141235/tools/bin/../lib/gcc/arm-none-eabi/11.3.1/../../../../arm-none-eabi/lib/thumb/v7-m/nofp\libc_nano.a(libc_a-mallocr.o)
 .ARM.attributes
                0x00000000000005b1       0x2d C:/ST/STM32CubeIDE_1.7.0/STM32CubeIDE/plugins/com.st.stm32cube.ide.mcu.externaltools.gnu-tools-for-stm32.11.3.rel1.win32_1.1.100.202309141235/tools/bin/../lib/gcc/arm-none-eabi/11.3.1/../../../../arm-none-eabi/lib/thumb/v7-m/nofp\libc_nano.a(libc_a-mlock.o)
 .ARM.attributes
                0x00000000000005de       0x2d C:/ST/STM32CubeIDE_1.7.0/STM32CubeIDE/plugins/com.st.stm32cube.ide.mcu.externaltools.gnu-tools-for-stm32.11.3.rel1.win32_1.1.100.202309141235/tools/bin/../lib/gcc/arm-none-eabi/11.3.1/../../../../arm-none-eabi/lib/thumb/v7-m/nofp\libc_nano.a(libc_a-nano-svfprintf.o)
 .ARM.attributes
                0x000000000000060b       0x2d C:/ST/STM32CubeIDE_1.7.0/STM32CubeIDE/plugins/com.st.stm32cube.ide.mcu.externaltools.gnu-tools-for-stm32.11.3.rel1.win32_1.1.100.202309141235/tools/bin/../lib/gcc/arm-none-eabi/11.3.1/../../../../arm-none-eabi/lib/thumb/v7-m/nofp\libc_nano.a(libc_a-nano-vfprintf_i.o)
 .ARM.attributes
                0x0000000000000638       0x2d C:/ST/STM32CubeIDE_1.7.0/STM32CubeIDE/plugins/com.st.stm32cube.ide.mcu.externaltools.gnu-tools-for-stm32.11.3.rel1.win32_1.1.100.202309141235/tools/bin/../lib/gcc/arm-none-eabi/11.3.1/../../../../arm-none-eabi/lib/thumb/v7-m/nofp\libc_nano.a(libc_a-memmove.o)
 .ARM.attributes
                0x0000000000000665       0x2d C:/ST/STM32CubeIDE_1.7.0/STM32CubeIDE/plugins/com.st.stm32cube.ide.mcu.externaltools.gnu-tools-for-stm32.11.3.rel1.win32_1.1.100.202309141235/tools/bin/../lib/gcc/arm-none-eabi/11.3.1/../../../../arm-none-eabi/lib/thumb/v7-m/nofp\libc_nano.a(libc_a-sbrkr.o)
 .ARM.attributes
                0x0000000000000692       0x2d C:/ST/STM32CubeIDE_1.7.0/STM32CubeIDE/plugins/com.st.stm32cube.ide.mcu.externaltools.gnu-tools-for-stm32.11.3.rel1.win32_1.1.100.202309141235/tools/bin/../lib/gcc/arm-none-eabi/11.3.1/../../../../arm-none-eabi/lib/thumb/v7-m/nofp\libc_nano.a(libc_a-memchr-stub.o)
 .ARM.attributes
                0x00000000000006bf       0x2d C:/ST/STM32CubeIDE_1.7.0/STM32CubeIDE/plugins/com.st.stm32cube.ide.mcu.externaltools.gnu-tools-for-stm32.11.3.rel1.win32_1.1.100.202309141235/tools/bin/../lib/gcc/arm-none-eabi/11.3.1/../../../../arm-none-eabi/lib/thumb/v7-m/nofp\libc_nano.a(libc_a-memcpy-stub.o)
 .ARM.attributes
                0x00000000000006ec       0x2d C:/ST/STM32CubeIDE_1.7.0/STM32CubeIDE/plugins/com.st.stm32cube.ide.mcu.externaltools.gnu-tools-for-stm32.11.3.rel1.win32_1.1.100.202309141235/tools/bin/../lib/gcc/arm-none-eabi/11.3.1/../../../../arm-none-eabi/lib/thumb/v7-m/nofp\libc_nano.a(libc_a-reallocr.o)
 .ARM.attributes
                0x0000000000000719       0x2d C:/ST/STM32CubeIDE_1.7.0/STM32CubeIDE/plugins/com.st.stm32cube.ide.mcu.externaltools.gnu-tools-for-stm32.11.3.rel1.win32_1.1.100.202309141235/tools/bin/../lib/gcc/arm-none-eabi/11.3.1/../../../../arm-none-eabi/lib/thumb/v7-m/nofp\libc_nano.a(libc_a-msizer.o)
 .ARM.attributes
                0x0000000000000746       0x1d C:/ST/STM32CubeIDE_1.7.0/STM32CubeIDE/plugins/com.st.stm32cube.ide.mcu.externaltools.gnu-tools-for-stm32.11.3.rel1.win32_1.1.100.202309141235/tools/bin/../lib/gcc/arm-none-eabi/11.3.1/thumb/v7-m/nofp/crtn.o
OUTPUT(mcu_assignment.elf elf32-littlearm)
LOAD linker stubs
LOAD C:/ST/STM32CubeIDE_1.7.0/STM32CubeIDE/plugins/com.st.stm32cube.ide.mcu.externaltools.gnu-tools-for-stm32.11.3.rel1.win32_1.1.100.202309141235/tools/bin/../lib/gcc/arm-none-eabi/11.3.1/../../../../arm-none-eabi/lib/thumb/v7-m/nofp\libc.a
LOAD C:/ST/STM32CubeIDE_1.7.0/STM32CubeIDE/plugins/com.st.stm32cube.ide.mcu.externaltools.gnu-tools-for-stm32.11.3.rel1.win32_1.1.100.202309141235/tools/bin/../lib/gcc/arm-none-eabi/11.3.1/../../../../arm-none-eabi/lib/thumb/v7-m/nofp\libm.a
LOAD C:/ST/STM32CubeIDE_1.7.0/STM32CubeIDE/plugins/com.st.stm32cube.ide.mcu.externaltools.gnu-tools-for-stm32.11.3.rel1.win32_1.1.100.202309141235/tools/bin/../lib/gcc/arm-none-eabi/11.3.1/thumb/v7-m/nofp\libgcc.a

.comment        0x0000000000000000       0x43
 .comment       0x0000000000000000       0x43 C:/ST/STM32CubeIDE_1.7.0/STM32CubeIDE/plugins/com.st.stm32cube.ide.mcu.externaltools.gnu-tools-for-stm32.11.3.rel1.win32_1.1.100.202309141235/tools/bin/../lib/gcc/arm-none-eabi/11.3.1/thumb/v7-m/nofp/crtbegin.o
                                         0x44 (size before relaxing)
 .comment       0x0000000000000043       0x44 ./Core/Src/button_reading.o
 .comment       0x0000000000000043       0x44 ./Core/Src/buzzer.o
 .comment       0x0000000000000043       0x44 ./Core/Src/display_traffic_light.o
 .comment       0x0000000000000043       0x44 ./Core/Src/fsm_pedestrian.o
 .comment       0x0000000000000043       0x44 ./Core/Src/fsm_traffic_light.o
 .comment       0x0000000000000043       0x44 ./Core/Src/main.o
 .comment       0x0000000000000043       0x44 ./Core/Src/stm32f1xx_hal_msp.o
 .comment       0x0000000000000043       0x44 ./Core/Src/stm32f1xx_it.o
 .comment       0x0000000000000043       0x44 ./Core/Src/sysmem.o
 .comment       0x0000000000000043       0x44 ./Core/Src/system_stm32f1xx.o
 .comment       0x0000000000000043       0x44 ./Core/Src/timer.o
 .comment       0x0000000000000043       0x44 ./Core/Src/uart.o
 .comment       0x0000000000000043       0x44 ./Drivers/STM32F1xx_HAL_Driver/Src/stm32f1xx_hal.o
 .comment       0x0000000000000043       0x44 ./Drivers/STM32F1xx_HAL_Driver/Src/stm32f1xx_hal_cortex.o
 .comment       0x0000000000000043       0x44 ./Drivers/STM32F1xx_HAL_Driver/Src/stm32f1xx_hal_dma.o
 .comment       0x0000000000000043       0x44 ./Drivers/STM32F1xx_HAL_Driver/Src/stm32f1xx_hal_gpio.o
 .comment       0x0000000000000043       0x44 ./Drivers/STM32F1xx_HAL_Driver/Src/stm32f1xx_hal_rcc.o
 .comment       0x0000000000000043       0x44 ./Drivers/STM32F1xx_HAL_Driver/Src/stm32f1xx_hal_tim.o
 .comment       0x0000000000000043       0x44 ./Drivers/STM32F1xx_HAL_Driver/Src/stm32f1xx_hal_tim_ex.o
 .comment       0x0000000000000043       0x44 ./Drivers/STM32F1xx_HAL_Driver/Src/stm32f1xx_hal_uart.o

.debug_info     0x0000000000000000    0x10ea1
 .debug_info    0x0000000000000000      0xbe1 ./Core/Src/button_reading.o
 .debug_info    0x0000000000000be1      0xaa9 ./Core/Src/buzzer.o
 .debug_info    0x000000000000168a      0xb63 ./Core/Src/display_traffic_light.o
 .debug_info    0x00000000000021ed      0xb84 ./Core/Src/fsm_pedestrian.o
 .debug_info    0x0000000000002d71      0xb43 ./Core/Src/fsm_traffic_light.o
 .debug_info    0x00000000000038b4     0x11ab ./Core/Src/main.o
 .debug_info    0x0000000000004a5f      0xd92 ./Core/Src/stm32f1xx_hal_msp.o
 .debug_info    0x00000000000057f1      0x94c ./Core/Src/stm32f1xx_it.o
 .debug_info    0x000000000000613d      0x168 ./Core/Src/sysmem.o
 .debug_info    0x00000000000062a5      0x222 ./Core/Src/system_stm32f1xx.o
 .debug_info    0x00000000000064c7      0xb3f ./Core/Src/timer.o
 .debug_info    0x0000000000007006      0xb1d ./Core/Src/uart.o
 .debug_info    0x0000000000007b23       0x23 ./Core/Startup/startup_stm32f103rbtx.o
 .debug_info    0x0000000000007b46      0x704 ./Drivers/STM32F1xx_HAL_Driver/Src/stm32f1xx_hal.o
 .debug_info    0x000000000000824a      0xa87 ./Drivers/STM32F1xx_HAL_Driver/Src/stm32f1xx_hal_cortex.o
 .debug_info    0x0000000000008cd1      0x6d2 ./Drivers/STM32F1xx_HAL_Driver/Src/stm32f1xx_hal_dma.o
 .debug_info    0x00000000000093a3      0x5ab ./Drivers/STM32F1xx_HAL_Driver/Src/stm32f1xx_hal_gpio.o
 .debug_info    0x000000000000994e      0x7d5 ./Drivers/STM32F1xx_HAL_Driver/Src/stm32f1xx_hal_rcc.o
 .debug_info    0x000000000000a123     0x293b ./Drivers/STM32F1xx_HAL_Driver/Src/stm32f1xx_hal_tim.o
 .debug_info    0x000000000000ca5e     0x149b ./Drivers/STM32F1xx_HAL_Driver/Src/stm32f1xx_hal_tim_ex.o
 .debug_info    0x000000000000def9     0x2fa8 ./Drivers/STM32F1xx_HAL_Driver/Src/stm32f1xx_hal_uart.o

.debug_abbrev   0x0000000000000000     0x2768
 .debug_abbrev  0x0000000000000000      0x1ab ./Core/Src/button_reading.o
 .debug_abbrev  0x00000000000001ab      0x17b ./Core/Src/buzzer.o
 .debug_abbrev  0x0000000000000326      0x184 ./Core/Src/display_traffic_light.o
 .debug_abbrev  0x00000000000004aa      0x185 ./Core/Src/fsm_pedestrian.o
 .debug_abbrev  0x000000000000062f      0x1f3 ./Core/Src/fsm_traffic_light.o
 .debug_abbrev  0x0000000000000822      0x307 ./Core/Src/main.o
 .debug_abbrev  0x0000000000000b29      0x1dd ./Core/Src/stm32f1xx_hal_msp.o
 .debug_abbrev  0x0000000000000d06      0x19b ./Core/Src/stm32f1xx_it.o
 .debug_abbrev  0x0000000000000ea1       0xbc ./Core/Src/sysmem.o
 .debug_abbrev  0x0000000000000f5d      0x13f ./Core/Src/system_stm32f1xx.o
 .debug_abbrev  0x000000000000109c      0x1af ./Core/Src/timer.o
 .debug_abbrev  0x000000000000124b      0x199 ./Core/Src/uart.o
 .debug_abbrev  0x00000000000013e4       0x12 ./Core/Startup/startup_stm32f103rbtx.o
 .debug_abbrev  0x00000000000013f6      0x201 ./Drivers/STM32F1xx_HAL_Driver/Src/stm32f1xx_hal.o
 .debug_abbrev  0x00000000000015f7      0x2f8 ./Drivers/STM32F1xx_HAL_Driver/Src/stm32f1xx_hal_cortex.o
 .debug_abbrev  0x00000000000018ef      0x20b ./Drivers/STM32F1xx_HAL_Driver/Src/stm32f1xx_hal_dma.o
 .debug_abbrev  0x0000000000001afa      0x1ca ./Drivers/STM32F1xx_HAL_Driver/Src/stm32f1xx_hal_gpio.o
 .debug_abbrev  0x0000000000001cc4      0x2b3 ./Drivers/STM32F1xx_HAL_Driver/Src/stm32f1xx_hal_rcc.o
 .debug_abbrev  0x0000000000001f77      0x277 ./Drivers/STM32F1xx_HAL_Driver/Src/stm32f1xx_hal_tim.o
 .debug_abbrev  0x00000000000021ee      0x282 ./Drivers/STM32F1xx_HAL_Driver/Src/stm32f1xx_hal_tim_ex.o
 .debug_abbrev  0x0000000000002470      0x2f8 ./Drivers/STM32F1xx_HAL_Driver/Src/stm32f1xx_hal_uart.o

.debug_aranges  0x0000000000000000      0xd28
 .debug_aranges
                0x0000000000000000       0x20 ./Core/Src/button_reading.o
 .debug_aranges
                0x0000000000000020       0x20 ./Core/Src/buzzer.o
 .debug_aranges
                0x0000000000000040       0x20 ./Core/Src/display_traffic_light.o
 .debug_aranges
                0x0000000000000060       0x20 ./Core/Src/fsm_pedestrian.o
 .debug_aranges
                0x0000000000000080       0x38 ./Core/Src/fsm_traffic_light.o
 .debug_aranges
                0x00000000000000b8       0x58 ./Core/Src/main.o
 .debug_aranges
                0x0000000000000110       0x48 ./Core/Src/stm32f1xx_hal_msp.o
 .debug_aranges
                0x0000000000000158       0x70 ./Core/Src/stm32f1xx_it.o
 .debug_aranges
                0x00000000000001c8       0x20 ./Core/Src/sysmem.o
 .debug_aranges
                0x00000000000001e8       0x28 ./Core/Src/system_stm32f1xx.o
 .debug_aranges
                0x0000000000000210       0x48 ./Core/Src/timer.o
 .debug_aranges
                0x0000000000000258       0x20 ./Core/Src/uart.o
 .debug_aranges
                0x0000000000000278       0x28 ./Core/Startup/startup_stm32f103rbtx.o
 .debug_aranges
                0x00000000000002a0       0xe0 ./Drivers/STM32F1xx_HAL_Driver/Src/stm32f1xx_hal.o
 .debug_aranges
                0x0000000000000380      0x100 ./Drivers/STM32F1xx_HAL_Driver/Src/stm32f1xx_hal_cortex.o
 .debug_aranges
                0x0000000000000480       0x80 ./Drivers/STM32F1xx_HAL_Driver/Src/stm32f1xx_hal_dma.o
 .debug_aranges
                0x0000000000000500       0x58 ./Drivers/STM32F1xx_HAL_Driver/Src/stm32f1xx_hal_gpio.o
 .debug_aranges
                0x0000000000000558       0x90 ./Drivers/STM32F1xx_HAL_Driver/Src/stm32f1xx_hal_rcc.o
 .debug_aranges
                0x00000000000005e8      0x3d0 ./Drivers/STM32F1xx_HAL_Driver/Src/stm32f1xx_hal_tim.o
 .debug_aranges
                0x00000000000009b8      0x168 ./Drivers/STM32F1xx_HAL_Driver/Src/stm32f1xx_hal_tim_ex.o
 .debug_aranges
                0x0000000000000b20      0x208 ./Drivers/STM32F1xx_HAL_Driver/Src/stm32f1xx_hal_uart.o

.debug_rnglists
                0x0000000000000000      0xa2d
 .debug_rnglists
                0x0000000000000000       0x14 ./Core/Src/button_reading.o
 .debug_rnglists
                0x0000000000000014       0x14 ./Core/Src/buzzer.o
 .debug_rnglists
                0x0000000000000028       0x14 ./Core/Src/display_traffic_light.o
 .debug_rnglists
                0x000000000000003c       0x14 ./Core/Src/fsm_pedestrian.o
 .debug_rnglists
                0x0000000000000050       0x27 ./Core/Src/fsm_traffic_light.o
 .debug_rnglists
                0x0000000000000077       0x41 ./Core/Src/main.o
 .debug_rnglists
                0x00000000000000b8       0x32 ./Core/Src/stm32f1xx_hal_msp.o
 .debug_rnglists
                0x00000000000000ea       0x4f ./Core/Src/stm32f1xx_it.o
 .debug_rnglists
                0x0000000000000139       0x13 ./Core/Src/sysmem.o
 .debug_rnglists
                0x000000000000014c       0x1a ./Core/Src/system_stm32f1xx.o
 .debug_rnglists
                0x0000000000000166       0x32 ./Core/Src/timer.o
 .debug_rnglists
                0x0000000000000198       0x14 ./Core/Src/uart.o
 .debug_rnglists
                0x00000000000001ac       0x19 ./Core/Startup/startup_stm32f103rbtx.o
 .debug_rnglists
                0x00000000000001c5       0xa3 ./Drivers/STM32F1xx_HAL_Driver/Src/stm32f1xx_hal.o
 .debug_rnglists
                0x0000000000000268       0xbb ./Drivers/STM32F1xx_HAL_Driver/Src/stm32f1xx_hal_cortex.o
 .debug_rnglists
                0x0000000000000323       0x64 ./Drivers/STM32F1xx_HAL_Driver/Src/stm32f1xx_hal_dma.o
 .debug_rnglists
                0x0000000000000387       0x3f ./Drivers/STM32F1xx_HAL_Driver/Src/stm32f1xx_hal_gpio.o
 .debug_rnglists
                0x00000000000003c6       0x6c ./Drivers/STM32F1xx_HAL_Driver/Src/stm32f1xx_hal_rcc.o
 .debug_rnglists
                0x0000000000000432      0x31a ./Drivers/STM32F1xx_HAL_Driver/Src/stm32f1xx_hal_tim.o
 .debug_rnglists
                0x000000000000074c      0x125 ./Drivers/STM32F1xx_HAL_Driver/Src/stm32f1xx_hal_tim_ex.o
 .debug_rnglists
                0x0000000000000871      0x1bc ./Drivers/STM32F1xx_HAL_Driver/Src/stm32f1xx_hal_uart.o

.debug_macro    0x0000000000000000    0x192c0
 .debug_macro   0x0000000000000000      0x346 ./Core/Src/button_reading.o
 .debug_macro   0x0000000000000346      0xa9c ./Core/Src/button_reading.o
 .debug_macro   0x0000000000000de2      0x21b ./Core/Src/button_reading.o
 .debug_macro   0x0000000000000ffd       0x2e ./Core/Src/button_reading.o
 .debug_macro   0x000000000000102b       0x22 ./Core/Src/button_reading.o
 .debug_macro   0x000000000000104d       0x22 ./Core/Src/button_reading.o
 .debug_macro   0x000000000000106f       0x8e ./Core/Src/button_reading.o
 .debug_macro   0x00000000000010fd       0x51 ./Core/Src/button_reading.o
 .debug_macro   0x000000000000114e      0x103 ./Core/Src/button_reading.o
 .debug_macro   0x0000000000001251       0x6a ./Core/Src/button_reading.o
 .debug_macro   0x00000000000012bb      0x1df ./Core/Src/button_reading.o
 .debug_macro   0x000000000000149a       0x1c ./Core/Src/button_reading.o
 .debug_macro   0x00000000000014b6       0x22 ./Core/Src/button_reading.o
 .debug_macro   0x00000000000014d8       0xbd ./Core/Src/button_reading.o
 .debug_macro   0x0000000000001595      0xd23 ./Core/Src/button_reading.o
 .debug_macro   0x00000000000022b8     0xe09e ./Core/Src/button_reading.o
 .debug_macro   0x0000000000010356       0x6d ./Core/Src/button_reading.o
 .debug_macro   0x00000000000103c3     0x348d ./Core/Src/button_reading.o
 .debug_macro   0x0000000000013850      0x174 ./Core/Src/button_reading.o
 .debug_macro   0x00000000000139c4       0x5c ./Core/Src/button_reading.o
 .debug_macro   0x0000000000013a20      0x5bc ./Core/Src/button_reading.o
 .debug_macro   0x0000000000013fdc      0x289 ./Core/Src/button_reading.o
 .debug_macro   0x0000000000014265      0x1cb ./Core/Src/button_reading.o
 .debug_macro   0x0000000000014430      0x114 ./Core/Src/button_reading.o
 .debug_macro   0x0000000000014544      0x1b2 ./Core/Src/button_reading.o
 .debug_macro   0x00000000000146f6       0x27 ./Core/Src/button_reading.o
 .debug_macro   0x000000000001471d      0x136 ./Core/Src/button_reading.o
 .debug_macro   0x0000000000014853      0x1bc ./Core/Src/button_reading.o
 .debug_macro   0x0000000000014a0f       0x34 ./Core/Src/button_reading.o
 .debug_macro   0x0000000000014a43       0x3c ./Core/Src/button_reading.o
 .debug_macro   0x0000000000014a7f       0x57 ./Core/Src/button_reading.o
 .debug_macro   0x0000000000014ad6       0x87 ./Core/Src/button_reading.o
 .debug_macro   0x0000000000014b5d      0x240 ./Core/Src/button_reading.o
 .debug_macro   0x0000000000014d9d      0x140 ./Core/Src/button_reading.o
 .debug_macro   0x0000000000014edd      0x8ed ./Core/Src/button_reading.o
 .debug_macro   0x00000000000157ca      0x28e ./Core/Src/button_reading.o
 .debug_macro   0x0000000000015a58       0x83 ./Core/Src/button_reading.o
 .debug_macro   0x0000000000015adb       0x7c ./Core/Src/button_reading.o
 .debug_macro   0x0000000000015b57       0x24 ./Core/Src/button_reading.o
 .debug_macro   0x0000000000015b7b       0x61 ./Core/Src/button_reading.o
 .debug_macro   0x0000000000015bdc       0x43 ./Core/Src/button_reading.o
 .debug_macro   0x0000000000015c1f       0x34 ./Core/Src/button_reading.o
 .debug_macro   0x0000000000015c53       0x16 ./Core/Src/button_reading.o
 .debug_macro   0x0000000000015c69       0x35 ./Core/Src/button_reading.o
 .debug_macro   0x0000000000015c9e       0x16 ./Core/Src/button_reading.o
 .debug_macro   0x0000000000015cb4       0x43 ./Core/Src/button_reading.o
 .debug_macro   0x0000000000015cf7       0x34 ./Core/Src/button_reading.o
 .debug_macro   0x0000000000015d2b       0x10 ./Core/Src/button_reading.o
 .debug_macro   0x0000000000015d3b       0x58 ./Core/Src/button_reading.o
 .debug_macro   0x0000000000015d93       0x8e ./Core/Src/button_reading.o
 .debug_macro   0x0000000000015e21       0x1c ./Core/Src/button_reading.o
 .debug_macro   0x0000000000015e3d      0x177 ./Core/Src/button_reading.o
 .debug_macro   0x0000000000015fb4      0x369 ./Core/Src/button_reading.o
 .debug_macro   0x000000000001631d       0x16 ./Core/Src/button_reading.o
 .debug_macro   0x0000000000016333       0x29 ./Core/Src/button_reading.o
 .debug_macro   0x000000000001635c       0x1c ./Core/Src/button_reading.o
 .debug_macro   0x0000000000016378       0x10 ./Core/Src/button_reading.o
 .debug_macro   0x0000000000016388       0x1c ./Core/Src/button_reading.o
 .debug_macro   0x00000000000163a4       0x16 ./Core/Src/button_reading.o
 .debug_macro   0x00000000000163ba      0x147 ./Core/Src/button_reading.o
 .debug_macro   0x0000000000016501       0x16 ./Core/Src/button_reading.o
 .debug_macro   0x0000000000016517       0x20 ./Core/Src/button_reading.o
 .debug_macro   0x0000000000016537       0x88 ./Core/Src/button_reading.o
 .debug_macro   0x00000000000165bf       0x10 ./Core/Src/button_reading.o
 .debug_macro   0x00000000000165cf      0x346 ./Core/Src/buzzer.o
 .debug_macro   0x0000000000016915      0x346 ./Core/Src/display_traffic_light.o
 .debug_macro   0x0000000000016c5b      0x346 ./Core/Src/fsm_pedestrian.o
 .debug_macro   0x0000000000016fa1      0x346 ./Core/Src/fsm_traffic_light.o
 .debug_macro   0x00000000000172e7      0x346 ./Core/Src/main.o
 .debug_macro   0x000000000001762d      0x1b2 ./Core/Src/stm32f1xx_hal_msp.o
 .debug_macro   0x00000000000177df      0x1bc ./Core/Src/stm32f1xx_it.o
 .debug_macro   0x000000000001799b       0xff ./Core/Src/sysmem.o
 .debug_macro   0x0000000000017a9a      0x23c ./Core/Src/sysmem.o
 .debug_macro   0x0000000000017cd6      0x1a3 ./Core/Src/system_stm32f1xx.o
 .debug_macro   0x0000000000017e79      0x346 ./Core/Src/timer.o
 .debug_macro   0x00000000000181bf      0x346 ./Core/Src/uart.o
 .debug_macro   0x0000000000018505      0x1c7 ./Drivers/STM32F1xx_HAL_Driver/Src/stm32f1xx_hal.o
 .debug_macro   0x00000000000186cc      0x1a3 ./Drivers/STM32F1xx_HAL_Driver/Src/stm32f1xx_hal_cortex.o
 .debug_macro   0x000000000001886f      0x1a3 ./Drivers/STM32F1xx_HAL_Driver/Src/stm32f1xx_hal_dma.o
 .debug_macro   0x0000000000018a12      0x20e ./Drivers/STM32F1xx_HAL_Driver/Src/stm32f1xx_hal_gpio.o
 .debug_macro   0x0000000000018c20      0x1b5 ./Drivers/STM32F1xx_HAL_Driver/Src/stm32f1xx_hal_rcc.o
 .debug_macro   0x0000000000018dd5      0x1a4 ./Drivers/STM32F1xx_HAL_Driver/Src/stm32f1xx_hal_tim.o
 .debug_macro   0x0000000000018f79      0x1a3 ./Drivers/STM32F1xx_HAL_Driver/Src/stm32f1xx_hal_tim_ex.o
 .debug_macro   0x000000000001911c      0x1a4 ./Drivers/STM32F1xx_HAL_Driver/Src/stm32f1xx_hal_uart.o

.debug_line     0x0000000000000000    0x12015
 .debug_line    0x0000000000000000      0x9b1 ./Core/Src/button_reading.o
 .debug_line    0x00000000000009b1      0x966 ./Core/Src/buzzer.o
 .debug_line    0x0000000000001317      0x971 ./Core/Src/display_traffic_light.o
 .debug_line    0x0000000000001c88      0x9b7 ./Core/Src/fsm_pedestrian.o
 .debug_line    0x000000000000263f      0xc5b ./Core/Src/fsm_traffic_light.o
 .debug_line    0x000000000000329a      0xb1c ./Core/Src/main.o
 .debug_line    0x0000000000003db6      0x7de ./Core/Src/stm32f1xx_hal_msp.o
 .debug_line    0x0000000000004594      0x7f3 ./Core/Src/stm32f1xx_it.o
 .debug_line    0x0000000000004d87      0x57e ./Core/Src/sysmem.o
 .debug_line    0x0000000000005305      0x77f ./Core/Src/system_stm32f1xx.o
 .debug_line    0x0000000000005a84      0x9e9 ./Core/Src/timer.o
 .debug_line    0x000000000000646d      0x974 ./Core/Src/uart.o
 .debug_line    0x0000000000006de1       0x78 ./Core/Startup/startup_stm32f103rbtx.o
 .debug_line    0x0000000000006e59      0x9ac ./Drivers/STM32F1xx_HAL_Driver/Src/stm32f1xx_hal.o
 .debug_line    0x0000000000007805      0xb94 ./Drivers/STM32F1xx_HAL_Driver/Src/stm32f1xx_hal_cortex.o
 .debug_line    0x0000000000008399      0xe05 ./Drivers/STM32F1xx_HAL_Driver/Src/stm32f1xx_hal_dma.o
 .debug_line    0x000000000000919e      0xa45 ./Drivers/STM32F1xx_HAL_Driver/Src/stm32f1xx_hal_gpio.o
 .debug_line    0x0000000000009be3      0xdb5 ./Drivers/STM32F1xx_HAL_Driver/Src/stm32f1xx_hal_rcc.o
 .debug_line    0x000000000000a998     0x3498 ./Drivers/STM32F1xx_HAL_Driver/Src/stm32f1xx_hal_tim.o
 .debug_line    0x000000000000de30     0x190b ./Drivers/STM32F1xx_HAL_Driver/Src/stm32f1xx_hal_tim_ex.o
 .debug_line    0x000000000000f73b     0x28da ./Drivers/STM32F1xx_HAL_Driver/Src/stm32f1xx_hal_uart.o

.debug_str      0x0000000000000000    0x8abfd
 .debug_str     0x0000000000000000    0x876f4 ./Core/Src/button_reading.o
                                      0x87b0e (size before relaxing)
 .debug_str     0x00000000000876f4       0x2a ./Core/Src/buzzer.o
                                      0x87a9c (size before relaxing)
 .debug_str     0x000000000008771e       0x4c ./Core/Src/display_traffic_light.o
                                      0x87b05 (size before relaxing)
 .debug_str     0x000000000008776a       0x3c ./Core/Src/fsm_pedestrian.o
                                      0x87b11 (size before relaxing)
 .debug_str     0x00000000000877a6       0x9b ./Core/Src/fsm_traffic_light.o
                                      0x87b0d (size before relaxing)
 .debug_str     0x0000000000087841      0x472 ./Core/Src/main.o
                                      0x87fc5 (size before relaxing)
 .debug_str     0x0000000000087cb3      0x374 ./Core/Src/stm32f1xx_hal_msp.o
                                      0x8431f (size before relaxing)
 .debug_str     0x0000000000088027      0x112 ./Core/Src/stm32f1xx_it.o
                                      0x83fa9 (size before relaxing)
 .debug_str     0x0000000000088139      0x4dc ./Core/Src/sysmem.o
                                       0x6011 (size before relaxing)
 .debug_str     0x0000000000088615       0x7e ./Core/Src/system_stm32f1xx.o
                                      0x8365a (size before relaxing)
 .debug_str     0x0000000000088693       0x27 ./Core/Src/timer.o
                                      0x87aca (size before relaxing)
 .debug_str     0x00000000000886ba       0x2d ./Core/Src/uart.o
                                      0x87ae5 (size before relaxing)
 .debug_str     0x00000000000886e7       0x34 ./Core/Startup/startup_stm32f103rbtx.o
                                         0x7b (size before relaxing)
 .debug_str     0x000000000008871b      0x38e ./Drivers/STM32F1xx_HAL_Driver/Src/stm32f1xx_hal.o
                                      0x83d8d (size before relaxing)
 .debug_str     0x0000000000088aa9      0x294 ./Drivers/STM32F1xx_HAL_Driver/Src/stm32f1xx_hal_cortex.o
                                      0x83cd9 (size before relaxing)
 .debug_str     0x0000000000088d3d      0x235 ./Drivers/STM32F1xx_HAL_Driver/Src/stm32f1xx_hal_dma.o
                                      0x83a03 (size before relaxing)
 .debug_str     0x0000000000088f72      0x2d0 ./Drivers/STM32F1xx_HAL_Driver/Src/stm32f1xx_hal_gpio.o
                                      0x839e0 (size before relaxing)
 .debug_str     0x0000000000089242      0x229 ./Drivers/STM32F1xx_HAL_Driver/Src/stm32f1xx_hal_rcc.o
                                      0x83a89 (size before relaxing)
 .debug_str     0x000000000008946b      0xd0b ./Drivers/STM32F1xx_HAL_Driver/Src/stm32f1xx_hal_tim.o
                                      0x84a7f (size before relaxing)
 .debug_str     0x000000000008a176      0x495 ./Drivers/STM32F1xx_HAL_Driver/Src/stm32f1xx_hal_tim_ex.o
                                      0x8429d (size before relaxing)
 .debug_str     0x000000000008a60b      0x5f2 ./Drivers/STM32F1xx_HAL_Driver/Src/stm32f1xx_hal_uart.o
                                      0x84100 (size before relaxing)

.debug_frame    0x0000000000000000     0x39e0
 .debug_frame   0x0000000000000000       0x34 ./Core/Src/button_reading.o
 .debug_frame   0x0000000000000034       0x2c ./Core/Src/buzzer.o
 .debug_frame   0x0000000000000060       0x2c ./Core/Src/display_traffic_light.o
 .debug_frame   0x000000000000008c       0x2c ./Core/Src/fsm_pedestrian.o
 .debug_frame   0x00000000000000b8       0x90 ./Core/Src/fsm_traffic_light.o
 .debug_frame   0x0000000000000148      0x114 ./Core/Src/main.o
 .debug_frame   0x000000000000025c       0xec ./Core/Src/stm32f1xx_hal_msp.o
 .debug_frame   0x0000000000000348      0x13c ./Core/Src/stm32f1xx_it.o
 .debug_frame   0x0000000000000484       0x34 ./Core/Src/sysmem.o
 .debug_frame   0x00000000000004b8       0x58 ./Core/Src/system_stm32f1xx.o
 .debug_frame   0x0000000000000510       0xf8 ./Core/Src/timer.o
 .debug_frame   0x0000000000000608       0x2c ./Core/Src/uart.o
 .debug_frame   0x0000000000000634      0x334 ./Drivers/STM32F1xx_HAL_Driver/Src/stm32f1xx_hal.o
 .debug_frame   0x0000000000000968      0x428 ./Drivers/STM32F1xx_HAL_Driver/Src/stm32f1xx_hal_cortex.o
 .debug_frame   0x0000000000000d90      0x208 ./Drivers/STM32F1xx_HAL_Driver/Src/stm32f1xx_hal_dma.o
 .debug_frame   0x0000000000000f98      0x14c ./Drivers/STM32F1xx_HAL_Driver/Src/stm32f1xx_hal_gpio.o
 .debug_frame   0x00000000000010e4      0x218 ./Drivers/STM32F1xx_HAL_Driver/Src/stm32f1xx_hal_rcc.o
 .debug_frame   0x00000000000012fc     0x11bc ./Drivers/STM32F1xx_HAL_Driver/Src/stm32f1xx_hal_tim.o
 .debug_frame   0x00000000000024b8      0x638 ./Drivers/STM32F1xx_HAL_Driver/Src/stm32f1xx_hal_tim_ex.o
 .debug_frame   0x0000000000002af0      0x944 ./Drivers/STM32F1xx_HAL_Driver/Src/stm32f1xx_hal_uart.o
 .debug_frame   0x0000000000003434      0x144 C:/ST/STM32CubeIDE_1.7.0/STM32CubeIDE/plugins/com.st.stm32cube.ide.mcu.externaltools.gnu-tools-for-stm32.11.3.rel1.win32_1.1.100.202309141235/tools/bin/../lib/gcc/arm-none-eabi/11.3.1/../../../../arm-none-eabi/lib/thumb/v7-m/nofp\libc_nano.a(libc_a-findfp.o)
 .debug_frame   0x0000000000003578       0x6c C:/ST/STM32CubeIDE_1.7.0/STM32CubeIDE/plugins/com.st.stm32cube.ide.mcu.externaltools.gnu-tools-for-stm32.11.3.rel1.win32_1.1.100.202309141235/tools/bin/../lib/gcc/arm-none-eabi/11.3.1/../../../../arm-none-eabi/lib/thumb/v7-m/nofp\libc_nano.a(libc_a-sprintf.o)
 .debug_frame   0x00000000000035e4       0x20 C:/ST/STM32CubeIDE_1.7.0/STM32CubeIDE/plugins/com.st.stm32cube.ide.mcu.externaltools.gnu-tools-for-stm32.11.3.rel1.win32_1.1.100.202309141235/tools/bin/../lib/gcc/arm-none-eabi/11.3.1/../../../../arm-none-eabi/lib/thumb/v7-m/nofp\libc_nano.a(libc_a-memset.o)
 .debug_frame   0x0000000000003604       0x38 C:/ST/STM32CubeIDE_1.7.0/STM32CubeIDE/plugins/com.st.stm32cube.ide.mcu.externaltools.gnu-tools-for-stm32.11.3.rel1.win32_1.1.100.202309141235/tools/bin/../lib/gcc/arm-none-eabi/11.3.1/../../../../arm-none-eabi/lib/thumb/v7-m/nofp\libc_nano.a(libc_a-reent.o)
 .debug_frame   0x000000000000363c       0x20 C:/ST/STM32CubeIDE_1.7.0/STM32CubeIDE/plugins/com.st.stm32cube.ide.mcu.externaltools.gnu-tools-for-stm32.11.3.rel1.win32_1.1.100.202309141235/tools/bin/../lib/gcc/arm-none-eabi/11.3.1/../../../../arm-none-eabi/lib/thumb/v7-m/nofp\libc_nano.a(libc_a-errno.o)
 .debug_frame   0x000000000000365c       0x2c C:/ST/STM32CubeIDE_1.7.0/STM32CubeIDE/plugins/com.st.stm32cube.ide.mcu.externaltools.gnu-tools-for-stm32.11.3.rel1.win32_1.1.100.202309141235/tools/bin/../lib/gcc/arm-none-eabi/11.3.1/../../../../arm-none-eabi/lib/thumb/v7-m/nofp\libc_nano.a(libc_a-init.o)
 .debug_frame   0x0000000000003688       0xb0 C:/ST/STM32CubeIDE_1.7.0/STM32CubeIDE/plugins/com.st.stm32cube.ide.mcu.externaltools.gnu-tools-for-stm32.11.3.rel1.win32_1.1.100.202309141235/tools/bin/../lib/gcc/arm-none-eabi/11.3.1/../../../../arm-none-eabi/lib/thumb/v7-m/nofp\libc_nano.a(libc_a-lock.o)
 .debug_frame   0x0000000000003738       0x38 C:/ST/STM32CubeIDE_1.7.0/STM32CubeIDE/plugins/com.st.stm32cube.ide.mcu.externaltools.gnu-tools-for-stm32.11.3.rel1.win32_1.1.100.202309141235/tools/bin/../lib/gcc/arm-none-eabi/11.3.1/../../../../arm-none-eabi/lib/thumb/v7-m/nofp\libc_nano.a(libc_a-freer.o)
 .debug_frame   0x0000000000003770       0x50 C:/ST/STM32CubeIDE_1.7.0/STM32CubeIDE/plugins/com.st.stm32cube.ide.mcu.externaltools.gnu-tools-for-stm32.11.3.rel1.win32_1.1.100.202309141235/tools/bin/../lib/gcc/arm-none-eabi/11.3.1/../../../../arm-none-eabi/lib/thumb/v7-m/nofp\libc_nano.a(libc_a-mallocr.o)
 .debug_frame   0x00000000000037c0       0x30 C:/ST/STM32CubeIDE_1.7.0/STM32CubeIDE/plugins/com.st.stm32cube.ide.mcu.externaltools.gnu-tools-for-stm32.11.3.rel1.win32_1.1.100.202309141235/tools/bin/../lib/gcc/arm-none-eabi/11.3.1/../../../../arm-none-eabi/lib/thumb/v7-m/nofp\libc_nano.a(libc_a-mlock.o)
 .debug_frame   0x00000000000037f0       0x90 C:/ST/STM32CubeIDE_1.7.0/STM32CubeIDE/plugins/com.st.stm32cube.ide.mcu.externaltools.gnu-tools-for-stm32.11.3.rel1.win32_1.1.100.202309141235/tools/bin/../lib/gcc/arm-none-eabi/11.3.1/../../../../arm-none-eabi/lib/thumb/v7-m/nofp\libc_nano.a(libc_a-nano-svfprintf.o)
 .debug_frame   0x0000000000003880       0x60 C:/ST/STM32CubeIDE_1.7.0/STM32CubeIDE/plugins/com.st.stm32cube.ide.mcu.externaltools.gnu-tools-for-stm32.11.3.rel1.win32_1.1.100.202309141235/tools/bin/../lib/gcc/arm-none-eabi/11.3.1/../../../../arm-none-eabi/lib/thumb/v7-m/nofp\libc_nano.a(libc_a-nano-vfprintf_i.o)
 .debug_frame   0x00000000000038e0       0x28 C:/ST/STM32CubeIDE_1.7.0/STM32CubeIDE/plugins/com.st.stm32cube.ide.mcu.externaltools.gnu-tools-for-stm32.11.3.rel1.win32_1.1.100.202309141235/tools/bin/../lib/gcc/arm-none-eabi/11.3.1/../../../../arm-none-eabi/lib/thumb/v7-m/nofp\libc_nano.a(libc_a-memmove.o)
 .debug_frame   0x0000000000003908       0x2c C:/ST/STM32CubeIDE_1.7.0/STM32CubeIDE/plugins/com.st.stm32cube.ide.mcu.externaltools.gnu-tools-for-stm32.11.3.rel1.win32_1.1.100.202309141235/tools/bin/../lib/gcc/arm-none-eabi/11.3.1/../../../../arm-none-eabi/lib/thumb/v7-m/nofp\libc_nano.a(libc_a-sbrkr.o)
 .debug_frame   0x0000000000003934       0x28 C:/ST/STM32CubeIDE_1.7.0/STM32CubeIDE/plugins/com.st.stm32cube.ide.mcu.externaltools.gnu-tools-for-stm32.11.3.rel1.win32_1.1.100.202309141235/tools/bin/../lib/gcc/arm-none-eabi/11.3.1/../../../../arm-none-eabi/lib/thumb/v7-m/nofp\libc_nano.a(libc_a-memchr-stub.o)
 .debug_frame   0x000000000000395c       0x28 C:/ST/STM32CubeIDE_1.7.0/STM32CubeIDE/plugins/com.st.stm32cube.ide.mcu.externaltools.gnu-tools-for-stm32.11.3.rel1.win32_1.1.100.202309141235/tools/bin/../lib/gcc/arm-none-eabi/11.3.1/../../../../arm-none-eabi/lib/thumb/v7-m/nofp\libc_nano.a(libc_a-memcpy-stub.o)
 .debug_frame   0x0000000000003984       0x3c C:/ST/STM32CubeIDE_1.7.0/STM32CubeIDE/plugins/com.st.stm32cube.ide.mcu.externaltools.gnu-tools-for-stm32.11.3.rel1.win32_1.1.100.202309141235/tools/bin/../lib/gcc/arm-none-eabi/11.3.1/../../../../arm-none-eabi/lib/thumb/v7-m/nofp\libc_nano.a(libc_a-reallocr.o)
 .debug_frame   0x00000000000039c0       0x20 C:/ST/STM32CubeIDE_1.7.0/STM32CubeIDE/plugins/com.st.stm32cube.ide.mcu.externaltools.gnu-tools-for-stm32.11.3.rel1.win32_1.1.100.202309141235/tools/bin/../lib/gcc/arm-none-eabi/11.3.1/../../../../arm-none-eabi/lib/thumb/v7-m/nofp\libc_nano.a(libc_a-msizer.o)

.debug_line_str
                0x0000000000000000       0x6f
 .debug_line_str
                0x0000000000000000       0x6f ./Core/Startup/startup_stm32f103rbtx.o
                                         0x87 (size before relaxing)
